Archive member included to satisfy reference by file (symbol)

app/libapp.a(stdlib.c.obj)    (--whole-archive)
app/libapp.a(activity.c.obj)  (--whole-archive)
app/libapp.a(behavior.c.obj)  (--whole-archive)
app/libapp.a(matrix_transform.c.obj)
                              (--whole-archive)
app/libapp.a(physical_layouts.c.obj)
                              (--whole-archive)
app/libapp.a(sensors.c.obj)   (--whole-archive)
app/libapp.a(event_manager.c.obj)
                              (--whole-archive)
app/libapp.a(ext_power_generic.c.obj)
                              (--whole-archive)
app/libapp.a(activity_state_changed.c.obj)
                              (--whole-archive)
app/libapp.a(position_state_changed.c.obj)
                              (--whole-archive)
app/libapp.a(sensor_event.c.obj)
                              (--whole-archive)
app/libapp.a(usb_conn_state_changed.c.obj)
                              (--whole-archive)
app/libapp.a(behavior_reset.c.obj)
                              (--whole-archive)
app/libapp.a(behavior_ext_power.c.obj)
                              (--whole-archive)
app/libapp.a(split_peripheral_status_changed.c.obj)
                              (--whole-archive)
app/libapp.a(peripheral.c.obj)
                              (--whole-archive)
app/libapp.a(usb.c.obj)       (--whole-archive)
app/libapp.a(main.c.obj)      (--whole-archive)
zephyr/libzephyr.a(heap.c.obj)
                              (--whole-archive)
zephyr/libzephyr.a(cbprintf_packaged.c.obj)
                              (--whole-archive)
zephyr/libzephyr.a(printk.c.obj)
                              (--whole-archive)
zephyr/libzephyr.a(sem.c.obj)
                              (--whole-archive)
zephyr/libzephyr.a(thread_entry.c.obj)
                              (--whole-archive)
zephyr/libzephyr.a(cbprintf_complete.c.obj)
                              (--whole-archive)
zephyr/libzephyr.a(assert.c.obj)
                              (--whole-archive)
zephyr/libzephyr.a(reboot.c.obj)
                              (--whole-archive)
zephyr/libzephyr.a(dec.c.obj)
                              (--whole-archive)
zephyr/libzephyr.a(hex.c.obj)
                              (--whole-archive)
zephyr/libzephyr.a(rb.c.obj)  (--whole-archive)
zephyr/libzephyr.a(timeutil.c.obj)
                              (--whole-archive)
zephyr/libzephyr.a(bitarray.c.obj)
                              (--whole-archive)
zephyr/libzephyr.a(onoff.c.obj)
                              (--whole-archive)
zephyr/libzephyr.a(notify.c.obj)
                              (--whole-archive)
zephyr/libzephyr.a(ring_buffer.c.obj)
                              (--whole-archive)
zephyr/libzephyr.a(configs.c.obj)
                              (--whole-archive)
zephyr/libzephyr.a(mem_attr.c.obj)
                              (--whole-archive)
zephyr/libzephyr.a(tracing_none.c.obj)
                              (--whole-archive)
zephyr/libzephyr.a(usb_device.c.obj)
                              (--whole-archive)
zephyr/libzephyr.a(usb_descriptor.c.obj)
                              (--whole-archive)
zephyr/libzephyr.a(usb_transfer.c.obj)
                              (--whole-archive)
zephyr/arch/common/libarch__common.a(sw_isr_common.c.obj)
                              (--whole-archive)
zephyr/arch/arch/arm/core/libarch__arm__core.a(fatal.c.obj)
                              (--whole-archive)
zephyr/arch/arch/arm/core/libarch__arm__core.a(nmi.c.obj)
                              (--whole-archive)
zephyr/arch/arch/arm/core/libarch__arm__core.a(nmi_on_reset.S.obj)
                              (--whole-archive)
zephyr/arch/arch/arm/core/libarch__arm__core.a(tls.c.obj)
                              (--whole-archive)
zephyr/arch/arch/arm/core/cortex_m/libarch__arm__core__cortex_m.a(exc_exit.c.obj)
                              (--whole-archive)
zephyr/arch/arch/arm/core/cortex_m/libarch__arm__core__cortex_m.a(fault.c.obj)
                              (--whole-archive)
zephyr/arch/arch/arm/core/cortex_m/libarch__arm__core__cortex_m.a(fault_s.S.obj)
                              (--whole-archive)
zephyr/arch/arch/arm/core/cortex_m/libarch__arm__core__cortex_m.a(fpu.c.obj)
                              (--whole-archive)
zephyr/arch/arch/arm/core/cortex_m/libarch__arm__core__cortex_m.a(reset.S.obj)
                              (--whole-archive)
zephyr/arch/arch/arm/core/cortex_m/libarch__arm__core__cortex_m.a(scb.c.obj)
                              (--whole-archive)
zephyr/arch/arch/arm/core/cortex_m/libarch__arm__core__cortex_m.a(thread_abort.c.obj)
                              (--whole-archive)
zephyr/arch/arch/arm/core/cortex_m/libarch__arm__core__cortex_m.a(vector_table.S.obj)
                              (--whole-archive)
zephyr/arch/arch/arm/core/cortex_m/libarch__arm__core__cortex_m.a(swap_helper.S.obj)
                              (--whole-archive)
zephyr/arch/arch/arm/core/cortex_m/libarch__arm__core__cortex_m.a(irq_manage.c.obj)
[...]
Memory Configuration

Name             Origin             Length             Attributes
FLASH            0x0000000000026000 0x00000000000c6000 xr
RAM              0x0000000020000000 0x0000000000040000 xw
IDT_LIST         0x00000000ffff7fff 0x0000000000008000 xw
*default*        0x0000000000000000 0xffffffffffffffff

Linker script and memory map

                0x000000000002cbc0                vfprintf = __d_vfprintf
                0x0000000000000000                vfscanf = __d_vfscanf
LOAD zephyr/CMakeFiles/zephyr_final.dir/misc/empty_file.c.obj
LOAD zephyr/CMakeFiles/zephyr_final.dir/isr_tables.c.obj
LOAD zephyr/CMakeFiles/offsets.dir/./arch/arm/core/offsets/offsets.c.obj
LOAD app/libapp.a
LOAD zephyr/libzephyr.a
LOAD zephyr/arch/common/libarch__common.a
LOAD zephyr/arch/arch/arm/core/libarch__arm__core.a
LOAD zephyr/arch/arch/arm/core/cortex_m/libarch__arm__core__cortex_m.a
LOAD zephyr/arch/arch/arm/core/mpu/libarch__arm__core__mpu.a
LOAD zephyr/lib/libc/picolibc/liblib__libc__picolibc.a
LOAD zephyr/lib/libc/common/liblib__libc__common.a
LOAD zephyr/soc/soc/nrf52840/libsoc__nordic.a
LOAD zephyr/subsys/input/libsubsys__input.a
LOAD zephyr/drivers/usb/device/libdrivers__usb__device.a
LOAD zephyr/drivers/usb/common/nrf_usbd_common/libdrivers__usb__common__nrf_usbd_common.a
LOAD zephyr/drivers/clock_control/libdrivers__clock_control.a
LOAD zephyr/drivers/gpio/libdrivers__gpio.a
LOAD zephyr/drivers/hwinfo/libdrivers__hwinfo.a
LOAD zephyr/drivers/kscan/libdrivers__kscan.a
LOAD zephyr/drivers/pinctrl/libdrivers__pinctrl.a
LOAD zephyr/drivers/timer/libdrivers__timer.a
LOAD modules/hal_nordic/nrfx/libmodules__hal_nordic__nrfx.a
LOAD modules/module/lib/zmk_debounce/lib..__zmk__app__module__lib__zmk_debounce.a
LOAD zephyr/kernel/libkernel.a
LOAD zephyr/arch/common/libisr_tables.a
LOAD /opt/zephyr-sdk-0.16.3/arm-zephyr-eabi/bin/../lib/gcc/../../picolibc/arm-zephyr-eabi/lib/thumb/v7e-m+fp/hard/libc.a
LOAD /opt/zephyr-sdk-0.16.3/arm-zephyr-eabi/bin/../lib/gcc/arm-zephyr-eabi/12.2.0/thumb/v7e-m+fp/hard/libgcc.a
                0x0000000000000020                _region_min_align = 0x20

.rel.plt        0x0000000000026000        0x0
 *(SORT_BY_ALIGNMENT(.rel.plt))
                [!provide]                        PROVIDE (__rel_iplt_start = .)
 *(SORT_BY_ALIGNMENT(.rel.iplt))
 .rel.iplt      0x0000000000026000        0x0 zephyr/CMakeFiles/zephyr_final.dir/isr_tables.c.obj
                [!provide]                        PROVIDE (__rel_iplt_end = .)

.rela.plt       0x0000000000000000        0x0
 *(SORT_BY_ALIGNMENT(.rela.plt))
                [!provide]                        PROVIDE (__rela_iplt_start = .)
 *(SORT_BY_ALIGNMENT(.rela.iplt))
                [!provide]                        PROVIDE (__rela_iplt_end = .)

.rel.dyn
 *(SORT_BY_ALIGNMENT(.rel.*))

.rela.dyn
 *(SORT_BY_ALIGNMENT(.rela.*))

/DISCARD/
 *(SORT_BY_ALIGNMENT(.plt))

/DISCARD/
 *(SORT_BY_ALIGNMENT(.iplt))
                0x0000000000026000                __rom_region_start = 0x26000

rom_start       0x0000000000026000      0x100
                0x0000000000026000                __rom_start_address = .
 FILL mask 0x00
                0x0000000000026000                . = (. + (0x0 - (. - __rom_start_address)))
                0x0000000000026000                . = ALIGN (0x4)
                0x0000000000026000                . = ALIGN (0x80)
                0x0000000000026000                . = ALIGN (0x100)
                0x0000000000026000                _vector_start = .
 *(SORT_BY_ALIGNMENT(.exc_vector_table))
 *(SORT_BY_ALIGNMENT(.exc_vector_table.*))
 .exc_vector_table._vector_table_section
                0x0000000000026000       0x40 zephyr/arch/arch/arm/core/cortex_m/libarch__arm__core__cortex_m.a(vector_table.S.obj)
                0x0000000000026000                _vector_table
 *(SORT_BY_ALIGNMENT(.vectors))
                0x0000000000026100                _vector_end = .
                0x0000000000026040                . = ALIGN (0x4)
 *(SORT_BY_ALIGNMENT(.gnu.linkonce.irq_vector_table*))
 .gnu.linkonce.irq_vector_table
                0x0000000000026040       0xc0 zephyr/CMakeFiles/zephyr_final.dir/isr_tables.c.obj
                0x0000000000026040                _irq_vector_table
                0x0000000000026100                _vector_end = .

text            0x0000000000026100     0x9998
                0x0000000000026100                __text_region_start = .
 *(SORT_BY_ALIGNMENT(.text))
 .text          0x0000000000026100       0x30 /opt/zephyr-sdk-0.16.3/arm-zephyr-eabi/bin/../lib/gcc/arm-zephyr-eabi/12.2.0/thumb/v7e-m+fp/hard/libgcc.a(_aeabi_uldivmod.o)
                0x0000000000026100                __aeabi_uldivmod
 .text          0x0000000000026130        0x4 /opt/zephyr-sdk-0.16.3/arm-zephyr-eabi/bin/../lib/gcc/arm-zephyr-eabi/12.2.0/thumb/v7e-m+fp/hard/libgcc.a(_dvmd_tls.o)
                0x0000000000026130                __aeabi_ldiv0
                0x0000000000026130                __aeabi_idiv0
 .text          0x0000000000026134       0x14 /opt/zephyr-sdk-0.16.3/arm-zephyr-eabi/bin/../lib/gcc/../../picolibc/arm-zephyr-eabi/lib/thumb/v7e-m+fp/hard/libc.a(strcmp.S.o)
                0x0000000000026134                strcmp
 .text          0x0000000000026148       0x10 /opt/zephyr-sdk-0.16.3/arm-zephyr-eabi/bin/../lib/gcc/../../picolibc/arm-zephyr-eabi/lib/thumb/v7e-m+fp/hard/libc.a(strlen.S.o)
                0x0000000000026148                strlen
 .text          0x0000000000026158      0x2a0 /opt/zephyr-sdk-0.16.3/arm-zephyr-eabi/bin/../lib/gcc/arm-zephyr-eabi/12.2.0/thumb/v7e-m+fp/hard/libgcc.a(_udivmoddi4.o)
                0x0000000000026158                __udivmoddi4
 *(SORT_BY_ALIGNMENT(.text.*))
 .text.activity_expiry_function
                0x00000000000263f8        0xc app/libapp.a(activity.c.obj)
                0x00000000000263f8                activity_expiry_function
 .text.activity_input_listener
                0x0000000000026404        0xc app/libapp.a(activity.c.obj)
 .text.activity_init
                0x0000000000026410       0x3c app/libapp.a(activity.c.obj)
 .text.raise_event
                0x000000000002644c        0xc app/libapp.a(activity.c.obj)
                0x000000000002644c                raise_event
 .text.set_state
                0x0000000000026458       0x18 app/libapp.a(activity.c.obj)
                0x0000000000026458                set_state
 .text.activity_work_handler
                0x0000000000026470       0x38 app/libapp.a(activity.c.obj)
                0x0000000000026470                activity_work_handler
 .text.note_activity
                0x00000000000264a8       0x2c app/libapp.a(activity.c.obj)
 .text.z_impl_behavior_get_binding
                0x00000000000264d4       0x58 app/libapp.a(behavior.c.obj)
                0x00000000000264d4                z_impl_behavior_get_binding
 .text.zmk_physical_layouts_kscan_process_msgq
                0x000000000002652c       0x70 app/libapp.a(physical_layouts.c.obj)
 .text.zmk_physical_layout_kscan_callback
                0x000000000002659c       0x38 app/libapp.a(physical_layouts.c.obj)
 .text.zmk_physical_layouts_select_layout
                0x00000000000265d4       0x68 app/libapp.a(physical_layouts.c.obj)
                0x00000000000265d4                zmk_physical_layouts_select_layout
 .text.zmk_physical_layouts_select_initial
                0x000000000002663c        0xc app/libapp.a(physical_layouts.c.obj)
                0x000000000002663c                zmk_physical_layouts_select_initial
 .text.zmk_physical_layouts_init
                0x0000000000026648       0x2c app/libapp.a(physical_layouts.c.obj)
 .text.zmk_event_manager_handle_from
                0x0000000000026674       0x48 app/libapp.a(event_manager.c.obj)
                0x0000000000026674                zmk_event_manager_handle_from
 .text.raise_zmk_activity_state_changed
                0x00000000000266bc       0x20 app/libapp.a(activity_state_changed.c.obj)
                0x00000000000266bc                raise_zmk_activity_state_changed
 .text.raise_zmk_position_state_changed
                0x00000000000266dc       0x38 app/libapp.a(position_state_changed.c.obj)
                0x00000000000266dc                raise_zmk_position_state_changed
 .text.as_zmk_position_state_changed
                0x0000000000026714       0x14 app/libapp.a(position_state_changed.c.obj)
                0x0000000000026714                as_zmk_position_state_changed
 .text.raise_zmk_usb_conn_state_changed
                0x0000000000026728       0x20 app/libapp.a(usb_conn_state_changed.c.obj)
                0x0000000000026728                raise_zmk_usb_conn_state_changed
 .text.on_keymap_binding_pressed
                0x0000000000026748       0x58 app/libapp.a(behavior_ext_power.c.obj)
 .text.on_keymap_binding_convert_central_state_dependent_params
                0x00000000000267a0       0x40 app/libapp.a(behavior_ext_power.c.obj)
 .text.select_first_available_transport
                0x00000000000267e0       0x74 app/libapp.a(peripheral.c.obj)
 .text.transport_status_changed_cb
                0x0000000000026854       0x2c app/libapp.a(peripheral.c.obj)
 .text.peripheral_init
                0x0000000000026880       0x34 app/libapp.a(peripheral.c.obj)
 .text.zmk_split_peripheral_report_event
                0x00000000000268b4       0x1c app/libapp.a(peripheral.c.obj)
                0x00000000000268b4                zmk_split_peripheral_report_event
 .text.zmk_usb_init
                0x00000000000268d0       0x18 app/libapp.a(usb.c.obj)
 .text.zmk_usb_get_conn_state
                0x00000000000268e8       0x28 app/libapp.a(usb.c.obj)
                0x00000000000268e8                zmk_usb_get_conn_state
 .text.usb_status_cb
                0x0000000000026910       0x40 app/libapp.a(usb.c.obj)
                0x0000000000026910                usb_status_cb
 .text.char_out
                0x0000000000026950        0xc zephyr/libzephyr.a(printk.c.obj)
 .text.vprintk  0x000000000002695c       0x30 zephyr/libzephyr.a(printk.c.obj)
                0x000000000002695c                vprintk
 .text.z_thread_entry
                0x000000000002698c       0x34 zephyr/libzephyr.a(thread_entry.c.obj)
                0x000000000002698c                z_thread_entry
 .text.sys_reboot
                0x00000000000269c0       0x2c zephyr/libzephyr.a(reboot.c.obj)
                0x00000000000269c0                sys_reboot
 .text.process_event
                0x00000000000269ec      0x21c zephyr/libzephyr.a(onoff.c.obj)
 .text.mem_attr_get_regions
                0x0000000000026c08        0xc zephyr/libzephyr.a(mem_attr.c.obj)
                0x0000000000026c08                mem_attr_get_regions
 .text.class_handler
                0x0000000000026c14       0x40 zephyr/libzephyr.a(usb_device.c.obj)
 .text.custom_handler
                0x0000000000026c54       0x60 zephyr/libzephyr.a(usb_device.c.obj)
 .text.vendor_handler
                0x0000000000026cb4       0x3c zephyr/libzephyr.a(usb_device.c.obj)
 .text.disable_endpoint
                0x0000000000026cf0       0x2c zephyr/libzephyr.a(usb_device.c.obj)
 .text.usb_reset_alt_setting
                0x0000000000026d1c       0x10 zephyr/libzephyr.a(usb_device.c.obj)
 .text.is_ep_valid.part.0
                0x0000000000026d2c       0x38 zephyr/libzephyr.a(usb_device.c.obj)
 .text.usb_handle_request.constprop.0
                0x0000000000026d64       0x2c zephyr/libzephyr.a(usb_device.c.obj)
 .text.forward_status_cb
                0x0000000000026d90       0xac zephyr/libzephyr.a(usb_device.c.obj)
 .text.usb_halt_endpoint_req.isra.0
                0x0000000000026e3c       0x50 zephyr/libzephyr.a(usb_device.c.obj)
 .text.set_endpoint
                0x0000000000026e8c       0x84 zephyr/libzephyr.a(usb_device.c.obj)
 .text.usb_handle_standard_request
                0x0000000000026f10      0x2ec zephyr/libzephyr.a(usb_device.c.obj)
 .text.usb_data_to_host
                0x00000000000271fc       0x60 zephyr/libzephyr.a(usb_device.c.obj)
 .text.usb_handle_control_transfer
                0x000000000002725c       0xdc zephyr/libzephyr.a(usb_device.c.obj)
 .text.usb_set_config
                0x0000000000027338       0x2c zephyr/libzephyr.a(usb_device.c.obj)
                0x0000000000027338                usb_set_config
 .text.usb_enable
                0x0000000000027364      0x13c zephyr/libzephyr.a(usb_device.c.obj)
                0x0000000000027364                usb_enable
 .text.usb_update_sn_string_descriptor
                0x00000000000274a0       0x88 zephyr/libzephyr.a(usb_descriptor.c.obj)
                0x00000000000274a0                usb_update_sn_string_descriptor
 .text.usb_get_device_descriptor
                0x0000000000027528      0x1e4 zephyr/libzephyr.a(usb_descriptor.c.obj)
                0x0000000000027528                usb_get_device_descriptor
 .text.usb_ep_get_transfer
                0x000000000002770c       0x2c zephyr/libzephyr.a(usb_transfer.c.obj)
 .text.usb_transfer_work
                0x0000000000027738      0x100 zephyr/libzephyr.a(usb_transfer.c.obj)
 .text.usb_cancel_transfer
                0x0000000000027838       0x3c zephyr/libzephyr.a(usb_transfer.c.obj)
                0x0000000000027838                usb_cancel_transfer
 .text.usb_cancel_transfers
                0x0000000000027874       0x44 zephyr/libzephyr.a(usb_transfer.c.obj)
                0x0000000000027874                usb_cancel_transfers
 .text.usb_transfer_init
                0x00000000000278b8       0x34 zephyr/libzephyr.a(usb_transfer.c.obj)
                0x00000000000278b8                usb_transfer_init
 .text.z_SysNmiOnReset
                0x00000000000278ec        0x8 zephyr/arch/arch/arm/core/libarch__arm__core.a(nmi_on_reset.S.obj)
                0x00000000000278ec                z_SysNmiOnReset
 .text.arch_tls_stack_setup
                0x00000000000278f4       0x40 zephyr/arch/arch/arm/core/libarch__arm__core.a(tls.c.obj)
                0x00000000000278f4                arch_tls_stack_setup
 .text._HandlerModeExit
                0x0000000000027934       0x20 zephyr/arch/arch/arm/core/cortex_m/libarch__arm__core__cortex_m.a(exc_exit.c.obj)
                0x0000000000027934                z_arm_exc_exit
                0x0000000000027934                z_arm_int_exit
 .text.usage_fault.constprop.0
                0x0000000000027954       0x54 zephyr/arch/arch/arm/core/cortex_m/libarch__arm__core__cortex_m.a(fault.c.obj)
 .text.bus_fault.constprop.0
                0x00000000000279a8       0x6c zephyr/arch/arch/arm/core/cortex_m/libarch__arm__core__cortex_m.a(fault.c.obj)
 .text.mem_manage_fault.constprop.0
                0x0000000000027a14       0x78 zephyr/arch/arch/arm/core/cortex_m/libarch__arm__core__cortex_m.a(fault.c.obj)
 .text.z_arm_fault
                0x0000000000027a8c      0x118 zephyr/arch/arch/arm/core/cortex_m/libarch__arm__core__cortex_m.a(fault.c.obj)
                0x0000000000027a8c                z_arm_fault
 .text.z_arm_fault_init
                0x0000000000027ba4       0x18 zephyr/arch/arch/arm/core/cortex_m/libarch__arm__core__cortex_m.a(fault.c.obj)
                0x0000000000027ba4                z_arm_fault_init
 .text.__fault  0x0000000000027bbc       0x14 zephyr/arch/arch/arm/core/cortex_m/libarch__arm__core__cortex_m.a(fault_s.S.obj)
                0x0000000000027bbc                z_arm_bus_fault
                0x0000000000027bbc                z_arm_usage_fault
                0x0000000000027bbc                z_arm_mpu_fault
                0x0000000000027bbc                z_arm_exc_spurious
                0x0000000000027bbc                z_arm_debug_monitor
                0x0000000000027bbc                z_arm_hard_fault
 .text._reset_section
                0x0000000000027bd0       0x30 zephyr/arch/arch/arm/core/cortex_m/libarch__arm__core__cortex_m.a(reset.S.obj)
                0x0000000000027bd0                z_arm_reset
                0x0000000000027bd0                __start
 .text.sys_arch_reboot
                0x0000000000027c00       0x24 zephyr/arch/arch/arm/core/cortex_m/libarch__arm__core__cortex_m.a(scb.c.obj)
                0x0000000000027c00                sys_arch_reboot
 .text.z_impl_k_thread_abort
                0x0000000000027c24       0x2c zephyr/arch/arch/arm/core/cortex_m/libarch__arm__core__cortex_m.a(thread_abort.c.obj)
                0x0000000000027c24                z_impl_k_thread_abort
 .text.z_arm_pendsv
                0x0000000000027c50       0x90 zephyr/arch/arch/arm/core/cortex_m/libarch__arm__core__cortex_m.a(swap_helper.S.obj)
                0x0000000000027c50                z_arm_pendsv
 .text.z_arm_svc
                0x0000000000027ce0       0x24 zephyr/arch/arch/arm/core/cortex_m/libarch__arm__core__cortex_m.a(swap_helper.S.obj)
                0x0000000000027ce0                z_arm_svc
 .text.arch_irq_enable
                0x0000000000027d04       0x1c zephyr/arch/arch/arm/core/cortex_m/libarch__arm__core__cortex_m.a(irq_manage.c.obj)
                0x0000000000027d04                arch_irq_enable
 .text.arch_irq_disable
                0x0000000000027d20       0x28 zephyr/arch/arch/arm/core/cortex_m/libarch__arm__core__cortex_m.a(irq_manage.c.obj)
                0x0000000000027d20                arch_irq_disable
 .text.arch_irq_is_enabled
                0x0000000000027d48       0x1c zephyr/arch/arch/arm/core/cortex_m/libarch__arm__core__cortex_m.a(irq_manage.c.obj)
                0x0000000000027d48                arch_irq_is_enabled
 .text.z_arm_irq_priority_set
                0x0000000000027d64       0x30 zephyr/arch/arch/arm/core/cortex_m/libarch__arm__core__cortex_m.a(irq_manage.c.obj)
                0x0000000000027d64                z_arm_irq_priority_set
 .text.z_prep_c
                0x0000000000027d94       0x5c zephyr/arch/arch/arm/core/cortex_m/libarch__arm__core__cortex_m.a(prep_c.c.obj)
                0x0000000000027d94                z_prep_c
 .text.arch_new_thread
                0x0000000000027df0       0x40 zephyr/arch/arch/arm/core/cortex_m/libarch__arm__core__cortex_m.a(thread.c.obj)
                0x0000000000027df0                arch_new_thread
 .text.arch_float_disable
                0x0000000000027e30       0x48 zephyr/arch/arch/arm/core/cortex_m/libarch__arm__core__cortex_m.a(thread.c.obj)
                0x0000000000027e30                arch_float_disable
 .text.arch_switch_to_main_thread
                0x0000000000027e78       0x54 zephyr/arch/arch/arm/core/cortex_m/libarch__arm__core__cortex_m.a(thread.c.obj)
                0x0000000000027e78                arch_switch_to_main_thread
 .text.z_arm_cpu_idle_init
                0x0000000000027ecc        0xc zephyr/arch/arch/arm/core/cortex_m/libarch__arm__core__cortex_m.a(cpu_idle.c.obj)
                0x0000000000027ecc                z_arm_cpu_idle_init
 .text.z_arm_interrupt_init
                0x0000000000027ed8       0x18 zephyr/arch/arch/arm/core/cortex_m/libarch__arm__core__cortex_m.a(irq_init.c.obj)
                0x0000000000027ed8                z_arm_interrupt_init
 .text._isr_wrapper
                0x0000000000027ef0       0x24 zephyr/arch/arch/arm/core/cortex_m/libarch__arm__core__cortex_m.a(isr_wrapper.c.obj)
                0x0000000000027ef0                _isr_wrapper
 .text.z_arm_configure_static_mpu_regions
                0x0000000000027f14       0x18 zephyr/arch/arch/arm/core/mpu/libarch__arm__core__mpu.a(arm_core_mpu.c.obj)
                0x0000000000027f14                z_arm_configure_static_mpu_regions
 .text.region_init
                0x0000000000027f2c       0x28 zephyr/arch/arch/arm/core/mpu/libarch__arm__core__mpu.a(arm_mpu.c.obj)
 .text.mpu_configure_regions
                0x0000000000027f54       0x6c zephyr/arch/arch/arm/core/mpu/libarch__arm__core__mpu.a(arm_mpu.c.obj)
 .text.arm_core_mpu_enable
                0x0000000000027fc0       0x18 zephyr/arch/arch/arm/core/mpu/libarch__arm__core__mpu.a(arm_mpu.c.obj)
                0x0000000000027fc0                arm_core_mpu_enable
 .text.arm_core_mpu_disable
                0x0000000000027fd8       0x14 zephyr/arch/arch/arm/core/mpu/libarch__arm__core__mpu.a(arm_mpu.c.obj)
                0x0000000000027fd8                arm_core_mpu_disable
 .text.arm_core_mpu_configure_static_mpu_regions
                0x0000000000027fec       0x14 zephyr/arch/arch/arm/core/mpu/libarch__arm__core__mpu.a(arm_mpu.c.obj)
                0x0000000000027fec                arm_core_mpu_configure_static_mpu_regions
 .text.z_arm_mpu_init
                0x0000000000028000      0x168 zephyr/arch/arch/arm/core/mpu/libarch__arm__core__mpu.a(arm_mpu.c.obj)
                0x0000000000028000                z_arm_mpu_init
 .text.malloc_prepare
                0x0000000000028168       0x24 zephyr/lib/libc/common/liblib__libc__common.a(malloc.c.obj)
 .text.nordicsemi_nrf52_init
                0x000000000002818c       0x18 zephyr/soc/soc/nrf52840/libsoc__nordic.a(soc.c.obj)
 .text.arch_busy_wait
                0x00000000000281a4       0x14 zephyr/soc/soc/nrf52840/libsoc__nordic.a(soc.c.obj)
                0x00000000000281a4                arch_busy_wait
 .text.input_thread
                0x00000000000281b8       0x44 zephyr/subsys/input/libsubsys__input.a(input.c.obj)
 .text.endpoint_ctx
                0x00000000000281fc       0x60 zephyr/drivers/usb/device/libdrivers__usb__device.a(usb_dc_nrfx.c.obj)
 .text.usbd_work_schedule
                0x000000000002825c       0x10 zephyr/drivers/usb/device/libdrivers__usb__device.a(usb_dc_nrfx.c.obj)
 .text.usbd_evt_put
                0x000000000002826c        0xc zephyr/drivers/usb/device/libdrivers__usb__device.a(usb_dc_nrfx.c.obj)
 .text.usbd_evt_get
                0x0000000000028278       0x10 zephyr/drivers/usb/device/libdrivers__usb__device.a(usb_dc_nrfx.c.obj)
 .text.usb_init
                0x0000000000028288       0x70 zephyr/drivers/usb/device/libdrivers__usb__device.a(usb_dc_nrfx.c.obj)
 .text.hfxo_stop.constprop.0.isra.0
                0x00000000000282f8       0x40 zephyr/drivers/usb/device/libdrivers__usb__device.a(usb_dc_nrfx.c.obj)
 .text.eps_ctx_init
                0x0000000000028338       0x68 zephyr/drivers/usb/device/libdrivers__usb__device.a(usb_dc_nrfx.c.obj)
 .text.usbd_evt_flush
                0x00000000000283a0       0x1c zephyr/drivers/usb/device/libdrivers__usb__device.a(usb_dc_nrfx.c.obj)
 .text.usbd_evt_alloc
                0x00000000000283bc       0x44 zephyr/drivers/usb/device/libdrivers__usb__device.a(usb_dc_nrfx.c.obj)
 .text.usb_dc_power_event_handler
                0x0000000000028400       0x34 zephyr/drivers/usb/device/libdrivers__usb__device.a(usb_dc_nrfx.c.obj)
 .text.usbd_event_transfer_data
                0x0000000000028434       0xa8 zephyr/drivers/usb/device/libdrivers__usb__device.a(usb_dc_nrfx.c.obj)
 .text.usbd_event_handler
                0x00000000000284dc      0x11c zephyr/drivers/usb/device/libdrivers__usb__device.a(usb_dc_nrfx.c.obj)
 .text.usbd_work_handler
                0x00000000000285f8      0x2e0 zephyr/drivers/usb/device/libdrivers__usb__device.a(usb_dc_nrfx.c.obj)
 .text.usb_dc_attach
                0x00000000000288d8       0x64 zephyr/drivers/usb/device/libdrivers__usb__device.a(usb_dc_nrfx.c.obj)
                0x00000000000288d8                usb_dc_attach
 .text.usb_dc_set_address
                0x000000000002893c       0x24 zephyr/drivers/usb/device/libdrivers__usb__device.a(usb_dc_nrfx.c.obj)
                0x000000000002893c                usb_dc_set_address
 .text.usb_dc_ep_configure
                0x0000000000028960       0x48 zephyr/drivers/usb/device/libdrivers__usb__device.a(usb_dc_nrfx.c.obj)
                0x0000000000028960                usb_dc_ep_configure
 .text.usb_dc_ep_set_stall
                0x00000000000289a8       0x50 zephyr/drivers/usb/device/libdrivers__usb__device.a(usb_dc_nrfx.c.obj)
                0x00000000000289a8                usb_dc_ep_set_stall
 .text.usb_dc_ep_clear_stall
                0x00000000000289f8       0x40 zephyr/drivers/usb/device/libdrivers__usb__device.a(usb_dc_nrfx.c.obj)
                0x00000000000289f8                usb_dc_ep_clear_stall
 .text.usb_dc_ep_is_stalled
                0x0000000000028a38       0x38 zephyr/drivers/usb/device/libdrivers__usb__device.a(usb_dc_nrfx.c.obj)
                0x0000000000028a38                usb_dc_ep_is_stalled
 .text.usb_dc_ep_enable
                0x0000000000028a70       0x54 zephyr/drivers/usb/device/libdrivers__usb__device.a(usb_dc_nrfx.c.obj)
                0x0000000000028a70                usb_dc_ep_enable
 .text.usb_dc_ep_write
                0x0000000000028ac4       0xf8 zephyr/drivers/usb/device/libdrivers__usb__device.a(usb_dc_nrfx.c.obj)
                0x0000000000028ac4                usb_dc_ep_write
 .text.usb_dc_ep_read_wait
                0x0000000000028bbc       0x90 zephyr/drivers/usb/device/libdrivers__usb__device.a(usb_dc_nrfx.c.obj)
                0x0000000000028bbc                usb_dc_ep_read_wait
 .text.usb_dc_ep_read_continue
                0x0000000000028c4c       0x84 zephyr/drivers/usb/device/libdrivers__usb__device.a(usb_dc_nrfx.c.obj)
                0x0000000000028c4c                usb_dc_ep_read_continue
 .text.usb_dc_ep_set_callback
                0x0000000000028cd0       0x28 zephyr/drivers/usb/device/libdrivers__usb__device.a(usb_dc_nrfx.c.obj)
                0x0000000000028cd0                usb_dc_ep_set_callback
 .text.usb_dc_set_status_callback
                0x0000000000028cf8        0xc zephyr/drivers/usb/device/libdrivers__usb__device.a(usb_dc_nrfx.c.obj)
                0x0000000000028cf8                usb_dc_set_status_callback
 .text.usb_dc_ep_mps
                0x0000000000028d04       0x24 zephyr/drivers/usb/device/libdrivers__usb__device.a(usb_dc_nrfx.c.obj)
                0x0000000000028d04                usb_dc_ep_mps
 .text.nrf52_errata_187
                0x0000000000028d28       0x28 zephyr/drivers/usb/common/nrf_usbd_common/libdrivers__usb__common__nrf_usbd_common.a(nrf_usbd_common.c.obj)
 .text.ep_state_access
                0x0000000000028d50       0x20 zephyr/drivers/usb/common/nrf_usbd_common/libdrivers__usb__common__nrf_usbd_common.a(nrf_usbd_common.c.obj)
 .text.usbd_errata_187_211_begin
                0x0000000000028d70       0x3c zephyr/drivers/usb/common/nrf_usbd_common/libdrivers__usb__common__nrf_usbd_common.a(nrf_usbd_common.c.obj)
 .text.usbd_errata_187_211_end
                0x0000000000028dac       0x3c zephyr/drivers/usb/common/nrf_usbd_common/libdrivers__usb__common__nrf_usbd_common.a(nrf_usbd_common.c.obj)
 .text.usbd_dma_pending_clear
                0x0000000000028de8       0x1c zephyr/drivers/usb/common/nrf_usbd_common/libdrivers__usb__common__nrf_usbd_common.a(nrf_usbd_common.c.obj)
 .text.nrf_usbd_common_uninit
                0x0000000000028e04       0x14 zephyr/drivers/usb/common/nrf_usbd_common/libdrivers__usb__common__nrf_usbd_common.a(nrf_usbd_common.c.obj)
                0x0000000000028e04                nrf_usbd_common_uninit
 .text.nrf_usbd_common_enable
                0x0000000000028e18      0x148 zephyr/drivers/usb/common/nrf_usbd_common/libdrivers__usb__common__nrf_usbd_common.a(nrf_usbd_common.c.obj)
                0x0000000000028e18                nrf_usbd_common_enable
 .text.nrf_usbd_common_start
                0x0000000000028f60       0x38 zephyr/drivers/usb/common/nrf_usbd_common/libdrivers__usb__common__nrf_usbd_common.a(nrf_usbd_common.c.obj)
                0x0000000000028f60                nrf_usbd_common_start
 .text.nrf_usbd_common_is_enabled
                0x0000000000028f98       0x14 zephyr/drivers/usb/common/nrf_usbd_common/libdrivers__usb__common__nrf_usbd_common.a(nrf_usbd_common.c.obj)
                0x0000000000028f98                nrf_usbd_common_is_enabled
 .text.nrf_usbd_common_suspend
                0x0000000000028fac       0x6c zephyr/drivers/usb/common/nrf_usbd_common/libdrivers__usb__common__nrf_usbd_common.a(nrf_usbd_common.c.obj)
                0x0000000000028fac                nrf_usbd_common_suspend
 .text.nrf_usbd_common_init
                0x0000000000029018       0x84 zephyr/drivers/usb/common/nrf_usbd_common/libdrivers__usb__common__nrf_usbd_common.a(nrf_usbd_common.c.obj)
                0x0000000000029018                nrf_usbd_common_init
 .text.nrf_usbd_common_ep_enable_check
                0x000000000002909c       0x28 zephyr/drivers/usb/common/nrf_usbd_common/libdrivers__usb__common__nrf_usbd_common.a(nrf_usbd_common.c.obj)
                0x000000000002909c                nrf_usbd_common_ep_enable_check
 .text.nrf_usbd_common_ep_transfer
                0x00000000000290c4       0x98 zephyr/drivers/usb/common/nrf_usbd_common/libdrivers__usb__common__nrf_usbd_common.a(nrf_usbd_common.c.obj)
                0x00000000000290c4                nrf_usbd_common_ep_transfer
 .text.nrf_usbd_common_epout_size_get
                0x000000000002915c       0x28 zephyr/drivers/usb/common/nrf_usbd_common/libdrivers__usb__common__nrf_usbd_common.a(nrf_usbd_common.c.obj)
                0x000000000002915c                nrf_usbd_common_epout_size_get
 .text.nrf_usbd_common_irq_handler
                0x0000000000029184      0x494 zephyr/drivers/usb/common/nrf_usbd_common/libdrivers__usb__common__nrf_usbd_common.a(nrf_usbd_common.c.obj)
                0x0000000000029184                nrf_usbd_common_irq_handler
 .text.nrf_usbd_common_ep_stall
                0x0000000000029618       0x10 zephyr/drivers/usb/common/nrf_usbd_common/libdrivers__usb__common__nrf_usbd_common.a(nrf_usbd_common.c.obj)
                0x0000000000029618                nrf_usbd_common_ep_stall
 .text.nrf_usbd_common_ep_stall_check
                0x0000000000029628       0x34 zephyr/drivers/usb/common/nrf_usbd_common/libdrivers__usb__common__nrf_usbd_common.a(nrf_usbd_common.c.obj)
                0x0000000000029628                nrf_usbd_common_ep_stall_check
 .text.nrf_usbd_common_ep_dtoggle_clear
                0x000000000002965c       0x14 zephyr/drivers/usb/common/nrf_usbd_common/libdrivers__usb__common__nrf_usbd_common.a(nrf_usbd_common.c.obj)
                0x000000000002965c                nrf_usbd_common_ep_dtoggle_clear
 .text.nrf_usbd_common_setup_get
                0x0000000000029670       0x44 zephyr/drivers/usb/common/nrf_usbd_common/libdrivers__usb__common__nrf_usbd_common.a(nrf_usbd_common.c.obj)
                0x0000000000029670                nrf_usbd_common_setup_get
 .text.nrf_usbd_common_setup_data_clear
                0x00000000000296b4        0xc zephyr/drivers/usb/common/nrf_usbd_common/libdrivers__usb__common__nrf_usbd_common.a(nrf_usbd_common.c.obj)
                0x00000000000296b4                nrf_usbd_common_setup_data_clear
 .text.nrf_usbd_common_setup_clear
                0x00000000000296c0        0xc zephyr/drivers/usb/common/nrf_usbd_common/libdrivers__usb__common__nrf_usbd_common.a(nrf_usbd_common.c.obj)
                0x00000000000296c0                nrf_usbd_common_setup_clear
 .text.nrf_usbd_common_setup_stall
                0x00000000000296cc        0xc zephyr/drivers/usb/common/nrf_usbd_common/libdrivers__usb__common__nrf_usbd_common.a(nrf_usbd_common.c.obj)
                0x00000000000296cc                nrf_usbd_common_setup_stall
 .text.nrf_usbd_common_last_setup_dir_get
                0x00000000000296d8        0xc zephyr/drivers/usb/common/nrf_usbd_common/libdrivers__usb__common__nrf_usbd_common.a(nrf_usbd_common.c.obj)
                0x00000000000296d8                nrf_usbd_common_last_setup_dir_get
 .text.nrf_usbd_common_transfer_out_drop
                0x00000000000296e4       0x4c zephyr/drivers/usb/common/nrf_usbd_common/libdrivers__usb__common__nrf_usbd_common.a(nrf_usbd_common.c.obj)
                0x00000000000296e4                nrf_usbd_common_transfer_out_drop
 .text.usbd_ep_abort
                0x0000000000029730       0xf0 zephyr/drivers/usb/common/nrf_usbd_common/libdrivers__usb__common__nrf_usbd_common.a(nrf_usbd_common.c.obj)
 .text.nrf_usbd_common_ep_abort
                0x0000000000029820       0x34 zephyr/drivers/usb/common/nrf_usbd_common/libdrivers__usb__common__nrf_usbd_common.a(nrf_usbd_common.c.obj)
                0x0000000000029820                nrf_usbd_common_ep_abort
 .text.nrf_usbd_common_disable
                0x0000000000029854       0xd4 zephyr/drivers/usb/common/nrf_usbd_common/libdrivers__usb__common__nrf_usbd_common.a(nrf_usbd_common.c.obj)
                0x0000000000029854                nrf_usbd_common_disable
 .text.nrf_usbd_common_ep_disable
                0x0000000000029928       0x60 zephyr/drivers/usb/common/nrf_usbd_common/libdrivers__usb__common__nrf_usbd_common.a(nrf_usbd_common.c.obj)
                0x0000000000029928                nrf_usbd_common_ep_disable
 .text.nrf_usbd_common_ep_enable
                0x0000000000029988       0x70 zephyr/drivers/usb/common/nrf_usbd_common/libdrivers__usb__common__nrf_usbd_common.a(nrf_usbd_common.c.obj)
                0x0000000000029988                nrf_usbd_common_ep_enable
 .text.nrf_usbd_common_ep_stall_clear
                0x00000000000299f8       0x20 zephyr/drivers/usb/common/nrf_usbd_common/libdrivers__usb__common__nrf_usbd_common.a(nrf_usbd_common.c.obj)
                0x00000000000299f8                nrf_usbd_common_ep_stall_clear
 .text.onoff_stop
                0x0000000000029a18       0x30 zephyr/drivers/clock_control/libdrivers__clock_control.a(clock_control_nrf.c.obj)
 .text.onoff_start
                0x0000000000029a48       0x44 zephyr/drivers/clock_control/libdrivers__clock_control.a(clock_control_nrf.c.obj)
 .text.generic_hfclk_stop
                0x0000000000029a8c       0x34 zephyr/drivers/clock_control/libdrivers__clock_control.a(clock_control_nrf.c.obj)
 .text.clk_init
                0x0000000000029ac0       0x58 zephyr/drivers/clock_control/libdrivers__clock_control.a(clock_control_nrf.c.obj)
 .text.api_blocking_start
                0x0000000000029b18       0x34 zephyr/drivers/clock_control/libdrivers__clock_control.a(clock_control_nrf.c.obj)
 .text.clkstarted_handle.constprop.0
                0x0000000000029b4c       0x4c zephyr/drivers/clock_control/libdrivers__clock_control.a(clock_control_nrf.c.obj)
 .text.generic_hfclk_start
                0x0000000000029b98       0x7c zephyr/drivers/clock_control/libdrivers__clock_control.a(clock_control_nrf.c.obj)
 .text.clock_event_handler
                0x0000000000029c14       0x1c zephyr/drivers/clock_control/libdrivers__clock_control.a(clock_control_nrf.c.obj)
 .text.z_nrf_clock_control_get_onoff
                0x0000000000029c30       0x10 zephyr/drivers/clock_control/libdrivers__clock_control.a(clock_control_nrf.c.obj)
                0x0000000000029c30                z_nrf_clock_control_get_onoff
 .text.z_nrf_clock_control_lf_on
                0x0000000000029c40       0xfc zephyr/drivers/clock_control/libdrivers__clock_control.a(clock_control_nrf.c.obj)
                0x0000000000029c40                z_nrf_clock_control_lf_on
 .text.gpio_nrfx_pin_interrupt_configure
                0x0000000000029d3c      0x100 zephyr/drivers/gpio/libdrivers__gpio.a(gpio_nrfx.c.obj)
 .text.gpio_nrfx_init
                0x0000000000029e3c       0x48 zephyr/drivers/gpio/libdrivers__gpio.a(gpio_nrfx.c.obj)
 .text.nrfx_gpio_handler
                0x0000000000029e84       0x4c zephyr/drivers/gpio/libdrivers__gpio.a(gpio_nrfx.c.obj)
 .text.gpio_nrfx_pin_configure
                0x0000000000029ed0      0x18c zephyr/drivers/gpio/libdrivers__gpio.a(gpio_nrfx.c.obj)
 .text.compare_ports
                0x000000000002a05c       0x14 zephyr/drivers/kscan/libdrivers__kscan.a(kscan_gpio.c.obj)
 .text.kscan_gpio_list_sort_by_port
                0x000000000002a070       0x10 zephyr/drivers/kscan/libdrivers__kscan.a(kscan_gpio.c.obj)
                0x000000000002a070                kscan_gpio_list_sort_by_port
 .text.kscan_direct_init
                0x000000000002a080       0xc0 zephyr/drivers/kscan/libdrivers__kscan.a(kscan_gpio_direct.c.obj)
 .text.kscan_direct_interrupt_configure.isra.0
                0x000000000002a140       0x70 zephyr/drivers/kscan/libdrivers__kscan.a(kscan_gpio_direct.c.obj)
 .text.compare_int_lock
                0x000000000002a1b0       0x48 zephyr/drivers/timer/libdrivers__timer.a(nrf_rtc_timer.c.obj)
 .text.sys_clock_timeout_handler
                0x000000000002a1f8       0x48 zephyr/drivers/timer/libdrivers__timer.a(nrf_rtc_timer.c.obj)
 .text.compare_int_unlock
                0x000000000002a240       0x5c zephyr/drivers/timer/libdrivers__timer.a(nrf_rtc_timer.c.obj)
 .text.z_nrf_rtc_timer_read
                0x000000000002a29c       0x44 zephyr/drivers/timer/libdrivers__timer.a(nrf_rtc_timer.c.obj)
                0x000000000002a29c                z_nrf_rtc_timer_read
 .text.compare_set
                0x000000000002a2e0      0x130 zephyr/drivers/timer/libdrivers__timer.a(nrf_rtc_timer.c.obj)
 .text.sys_clock_driver_init
                0x000000000002a410       0x90 zephyr/drivers/timer/libdrivers__timer.a(nrf_rtc_timer.c.obj)
 .text.rtc_nrf_isr
                0x000000000002a4a0       0xd4 zephyr/drivers/timer/libdrivers__timer.a(nrf_rtc_timer.c.obj)
                0x000000000002a4a0                rtc_nrf_isr
 .text.sys_clock_set_timeout
                0x000000000002a574       0x5c zephyr/drivers/timer/libdrivers__timer.a(nrf_rtc_timer.c.obj)
                0x000000000002a574                sys_clock_set_timeout
 .text.sys_clock_elapsed
                0x000000000002a5d0       0x14 zephyr/drivers/timer/libdrivers__timer.a(nrf_rtc_timer.c.obj)
                0x000000000002a5d0                sys_clock_elapsed
 .text.sys_clock_disable
                0x000000000002a5e4       0x30 zephyr/drivers/timer/libdrivers__timer.a(nrf_rtc_timer.c.obj)
                0x000000000002a5e4                sys_clock_disable
 .text.nrf52_errata_98
                0x000000000002a614       0x24 modules/hal_nordic/nrfx/libmodules__hal_nordic__nrfx.a(system_nrf52840.c.obj)
 .text.SystemInit
                0x000000000002a638      0x178 modules/hal_nordic/nrfx/libmodules__hal_nordic__nrfx.a(system_nrf52840.c.obj)
                0x000000000002a638                SystemInit
 .text.nrfx_flag32_alloc
                0x000000000002a7b0       0x48 modules/hal_nordic/nrfx/libmodules__hal_nordic__nrfx.a(nrfx_flag32_allocator.c.obj)
                0x000000000002a7b0                nrfx_flag32_alloc
 .text.nrfx_flag32_free
                0x000000000002a7f8       0x40 modules/hal_nordic/nrfx/libmodules__hal_nordic__nrfx.a(nrfx_flag32_allocator.c.obj)
                0x000000000002a7f8                nrfx_flag32_free
 .text.clock_stop
                0x000000000002a838       0xc4 modules/hal_nordic/nrfx/libmodules__hal_nordic__nrfx.a(nrfx_clock.c.obj)
 .text.nrfx_clock_init
                0x000000000002a8fc       0x20 modules/hal_nordic/nrfx/libmodules__hal_nordic__nrfx.a(nrfx_clock.c.obj)
                0x000000000002a8fc                nrfx_clock_init
 .text.nrfx_clock_enable
                0x000000000002a91c       0x30 modules/hal_nordic/nrfx/libmodules__hal_nordic__nrfx.a(nrfx_clock.c.obj)
                0x000000000002a91c                nrfx_clock_enable
 .text.nrfx_clock_start
                0x000000000002a94c       0xa8 modules/hal_nordic/nrfx/libmodules__hal_nordic__nrfx.a(nrfx_clock.c.obj)
                0x000000000002a94c                nrfx_clock_start
 .text.nrfx_clock_irq_handler
                0x000000000002a9f4       0x68 modules/hal_nordic/nrfx/libmodules__hal_nordic__nrfx.a(nrfx_clock.c.obj)
                0x000000000002a9f4                nrfx_clock_irq_handler
 .text.nrf_gpio_pin_port_decode
                0x000000000002aa5c       0x20 modules/hal_nordic/nrfx/libmodules__hal_nordic__nrfx.a(nrfx_gpiote.c.obj)
 .text.get_pin_idx
                0x000000000002aa7c       0x14 modules/hal_nordic/nrfx/libmodules__hal_nordic__nrfx.a(nrfx_gpiote.c.obj)
 .text.call_handler.constprop.0
                0x000000000002aa90       0x40 modules/hal_nordic/nrfx/libmodules__hal_nordic__nrfx.a(nrfx_gpiote.c.obj)
 .text.pin_te_get.constprop.0
                0x000000000002aad0       0x18 modules/hal_nordic/nrfx/libmodules__hal_nordic__nrfx.a(nrfx_gpiote.c.obj)
 .text.pin_is_output.constprop.0
                0x000000000002aae8       0x18 modules/hal_nordic/nrfx/libmodules__hal_nordic__nrfx.a(nrfx_gpiote.c.obj)
 .text.pin_in_use_by_te.constprop.0
                0x000000000002ab00       0x18 modules/hal_nordic/nrfx/libmodules__hal_nordic__nrfx.a(nrfx_gpiote.c.obj)
 .text.latch_pending_read_and_check
                0x000000000002ab18       0x40 modules/hal_nordic/nrfx/libmodules__hal_nordic__nrfx.a(nrfx_gpiote.c.obj)
 .text.release_handler.isra.0
                0x000000000002ab58       0x58 modules/hal_nordic/nrfx/libmodules__hal_nordic__nrfx.a(nrfx_gpiote.c.obj)
 .text.__nrfy_internal_gpiote_events_process.constprop.0
                0x000000000002abb0       0x5c modules/hal_nordic/nrfx/libmodules__hal_nordic__nrfx.a(nrfx_gpiote.c.obj)
 .text.pin_uninit
                0x000000000002ac0c       0x80 modules/hal_nordic/nrfx/libmodules__hal_nordic__nrfx.a(nrfx_gpiote.c.obj)
 .text.nrfx_gpiote_input_configure
                0x000000000002ac8c      0x174 modules/hal_nordic/nrfx/libmodules__hal_nordic__nrfx.a(nrfx_gpiote.c.obj)
                0x000000000002ac8c                nrfx_gpiote_input_configure
 .text.nrfx_gpiote_output_configure
                0x000000000002ae00       0xfc modules/hal_nordic/nrfx/libmodules__hal_nordic__nrfx.a(nrfx_gpiote.c.obj)
                0x000000000002ae00                nrfx_gpiote_output_configure
 .text.nrfx_gpiote_global_callback_set
                0x000000000002aefc        0xc modules/hal_nordic/nrfx/libmodules__hal_nordic__nrfx.a(nrfx_gpiote.c.obj)
                0x000000000002aefc                nrfx_gpiote_global_callback_set
 .text.nrfx_gpiote_channel_get
                0x000000000002af08       0x34 modules/hal_nordic/nrfx/libmodules__hal_nordic__nrfx.a(nrfx_gpiote.c.obj)
                0x000000000002af08                nrfx_gpiote_channel_get
 .text.nrfx_gpiote_init
                0x000000000002af3c       0x68 modules/hal_nordic/nrfx/libmodules__hal_nordic__nrfx.a(nrfx_gpiote.c.obj)
                0x000000000002af3c                nrfx_gpiote_init
 .text.nrfx_gpiote_init_check
                0x000000000002afa4       0x14 modules/hal_nordic/nrfx/libmodules__hal_nordic__nrfx.a(nrfx_gpiote.c.obj)
                0x000000000002afa4                nrfx_gpiote_init_check
 .text.nrfx_gpiote_channel_free
                0x000000000002afb8        0xc modules/hal_nordic/nrfx/libmodules__hal_nordic__nrfx.a(nrfx_gpiote.c.obj)
                0x000000000002afb8                nrfx_gpiote_channel_free
 .text.nrfx_gpiote_channel_alloc
                0x000000000002afc4        0xc modules/hal_nordic/nrfx/libmodules__hal_nordic__nrfx.a(nrfx_gpiote.c.obj)
                0x000000000002afc4                nrfx_gpiote_channel_alloc
 .text.nrfx_gpiote_trigger_enable
                0x000000000002afd0       0xb0 modules/hal_nordic/nrfx/libmodules__hal_nordic__nrfx.a(nrfx_gpiote.c.obj)
                0x000000000002afd0                nrfx_gpiote_trigger_enable
 .text.nrfx_gpiote_0_irq_handler
                0x000000000002b080      0x1bc modules/hal_nordic/nrfx/libmodules__hal_nordic__nrfx.a(nrfx_gpiote.c.obj)
                0x000000000002b080                nrfx_gpiote_0_irq_handler
 .text.nrfx_power_init
                0x000000000002b23c       0x74 modules/hal_nordic/nrfx/libmodules__hal_nordic__nrfx.a(nrfx_power.c.obj)
                0x000000000002b23c                nrfx_power_init
 .text.nrfx_power_usbevt_uninit
                0x000000000002b2b0       0x18 modules/hal_nordic/nrfx/libmodules__hal_nordic__nrfx.a(nrfx_power.c.obj)
                0x000000000002b2b0                nrfx_power_usbevt_uninit
 .text.nrfx_power_usbevt_init
                0x000000000002b2c8       0x14 modules/hal_nordic/nrfx/libmodules__hal_nordic__nrfx.a(nrfx_power.c.obj)
                0x000000000002b2c8                nrfx_power_usbevt_init
 .text.nrfx_power_irq_handler
                0x000000000002b2dc       0xa0 modules/hal_nordic/nrfx/libmodules__hal_nordic__nrfx.a(nrfx_power.c.obj)
                0x000000000002b2dc                nrfx_power_irq_handler
 .text.z_impl_device_get_binding
                0x000000000002b37c       0x48 zephyr/kernel/libkernel.a(device.c.obj)
                0x000000000002b37c                z_impl_device_get_binding
 .text.z_fatal_error
                0x000000000002b3c4       0x30 zephyr/kernel/libkernel.a(fatal.c.obj)
                0x000000000002b3c4                z_fatal_error
 .text.z_sys_init_run_level
                0x000000000002b3f4       0x2c zephyr/kernel/libkernel.a(init.c.obj)
 .text.bg_thread_main
                0x000000000002b420       0xc4 zephyr/kernel/libkernel.a(init.c.obj)
 .text.z_bss_zero
                0x000000000002b4e4       0x18 zephyr/kernel/libkernel.a(init.c.obj)
                0x000000000002b4e4                z_bss_zero
 .text.z_init_cpu
                0x000000000002b4fc       0x68 zephyr/kernel/libkernel.a(init.c.obj)
                0x000000000002b4fc                z_init_cpu
 .text.z_cstart
                0x000000000002b564       0xd0 zephyr/kernel/libkernel.a(init.c.obj)
                0x000000000002b564                z_cstart
 .text.init_mem_slab_obj_core_list
                0x000000000002b634       0x24 zephyr/kernel/libkernel.a(mem_slab.c.obj)
 .text.k_mem_slab_alloc
                0x000000000002b658       0x5c zephyr/kernel/libkernel.a(mem_slab.c.obj)
                0x000000000002b658                k_mem_slab_alloc
 .text.z_impl_k_msgq_put
                0x000000000002b6b4       0xb0 zephyr/kernel/libkernel.a(msg_q.c.obj)
                0x000000000002b6b4                z_impl_k_msgq_put
 .text.z_impl_k_msgq_get
                0x000000000002b764       0xc4 zephyr/kernel/libkernel.a(msg_q.c.obj)
                0x000000000002b764                z_impl_k_msgq_get
 .text.z_impl_k_mutex_lock
                0x000000000002b828       0xf0 zephyr/kernel/libkernel.a(mutex.c.obj)
                0x000000000002b828                z_impl_k_mutex_lock
 .text.z_impl_k_mutex_unlock
                0x000000000002b918       0xa0 zephyr/kernel/libkernel.a(mutex.c.obj)
                0x000000000002b918                z_impl_k_mutex_unlock
 .text.z_impl_k_queue_get
                0x000000000002b9b8       0x64 zephyr/kernel/libkernel.a(queue.c.obj)
                0x000000000002b9b8                z_impl_k_queue_get
 .text.z_impl_k_sem_give
                0x000000000002ba1c       0x68 zephyr/kernel/libkernel.a(sem.c.obj)
                0x000000000002ba1c                z_impl_k_sem_give
 .text.z_impl_k_sem_take
                0x000000000002ba84       0x4c zephyr/kernel/libkernel.a(sem.c.obj)
                0x000000000002ba84                z_impl_k_sem_take
 .text.k_sys_work_q_init
                0x000000000002bad0       0x34 zephyr/kernel/libkernel.a(system_work_q.c.obj)
 .text.work_queue_main
                0x000000000002bb04      0x14c zephyr/kernel/libkernel.a(work.c.obj)
 .text.submit_to_queue_locked
                0x000000000002bc50       0xb4 zephyr/kernel/libkernel.a(work.c.obj)
 .text.k_work_submit
                0x000000000002bd04        0xc zephyr/kernel/libkernel.a(work.c.obj)
                0x000000000002bd04                k_work_submit
 .text.k_work_queue_start
                0x000000000002bd10       0x7c zephyr/kernel/libkernel.a(work.c.obj)
                0x000000000002bd10                k_work_queue_start
 .text.k_work_reschedule_for_queue
                0x000000000002bd8c       0x5c zephyr/kernel/libkernel.a(work.c.obj)
                0x000000000002bd8c                k_work_reschedule_for_queue
 .text.k_work_reschedule
                0x000000000002bde8        0xc zephyr/kernel/libkernel.a(work.c.obj)
                0x000000000002bde8                k_work_reschedule
 .text.z_setup_new_thread
                0x000000000002bdf4       0x7c zephyr/kernel/libkernel.a(thread.c.obj)
                0x000000000002bdf4                z_setup_new_thread
 .text.z_impl_k_thread_create
                0x000000000002be70       0x58 zephyr/kernel/libkernel.a(thread.c.obj)
                0x000000000002be70                z_impl_k_thread_create
 .text.z_dummy_thread_init
                0x000000000002bec8       0x18 zephyr/kernel/libkernel.a(thread.c.obj)
                0x000000000002bec8                z_dummy_thread_init
 .text.z_swap_irqlock
                0x000000000002bee0       0x30 zephyr/kernel/libkernel.a(sched.c.obj)
 .text.ready_thread
                0x000000000002bf10       0x84 zephyr/kernel/libkernel.a(sched.c.obj)
 .text.unready_thread
                0x000000000002bf94       0x54 zephyr/kernel/libkernel.a(sched.c.obj)
 .text.move_thread_to_end_of_prio_q
                0x000000000002bfe8       0x90 zephyr/kernel/libkernel.a(sched.c.obj)
                0x000000000002bfe8                move_thread_to_end_of_prio_q
 .text.z_pend_curr
                0x000000000002c078       0x58 zephyr/kernel/libkernel.a(sched.c.obj)
                0x000000000002c078                z_pend_curr
 .text.z_thread_prio_set
                0x000000000002c0d0       0xa0 zephyr/kernel/libkernel.a(sched.c.obj)
                0x000000000002c0d0                z_thread_prio_set
 .text.z_reschedule
                0x000000000002c170       0x24 zephyr/kernel/libkernel.a(sched.c.obj)
                0x000000000002c170                z_reschedule
 .text.z_reschedule_irqlock
                0x000000000002c194       0x28 zephyr/kernel/libkernel.a(sched.c.obj)
                0x000000000002c194                z_reschedule_irqlock
 .text.k_sched_lock
                0x000000000002c1bc       0x28 zephyr/kernel/libkernel.a(sched.c.obj)
                0x000000000002c1bc                k_sched_lock
 .text.k_sched_unlock
                0x000000000002c1e4       0x68 zephyr/kernel/libkernel.a(sched.c.obj)
                0x000000000002c1e4                k_sched_unlock
 .text.z_sched_init
                0x000000000002c24c       0x10 zephyr/kernel/libkernel.a(sched.c.obj)
                0x000000000002c24c                z_sched_init
 .text.z_impl_k_yield
                0x000000000002c25c       0x88 zephyr/kernel/libkernel.a(sched.c.obj)
                0x000000000002c25c                z_impl_k_yield
 .text.z_tick_sleep
                0x000000000002c2e4       0x80 zephyr/kernel/libkernel.a(sched.c.obj)
 .text.z_impl_k_usleep
                0x000000000002c364       0x3c zephyr/kernel/libkernel.a(sched.c.obj)
                0x000000000002c364                z_impl_k_usleep
 .text.z_impl_k_wakeup
                0x000000000002c3a0       0x48 zephyr/kernel/libkernel.a(sched.c.obj)
                0x000000000002c3a0                z_impl_k_wakeup
 .text.z_impl_k_sched_current_thread_query
                0x000000000002c3e8        0xc zephyr/kernel/libkernel.a(sched.c.obj)
                0x000000000002c3e8                z_impl_k_sched_current_thread_query
 .text.z_thread_abort
                0x000000000002c3f4      0x140 zephyr/kernel/libkernel.a(sched.c.obj)
                0x000000000002c3f4                z_thread_abort
 .text.z_sched_wait
                0x000000000002c534       0x24 zephyr/kernel/libkernel.a(sched.c.obj)
                0x000000000002c534                z_sched_wait
 .text.slice_timeout
                0x000000000002c558       0x20 zephyr/kernel/libkernel.a(timeslicing.c.obj)
 .text.thread_is_sliceable
                0x000000000002c578       0x3c zephyr/kernel/libkernel.a(timeslicing.c.obj)
                0x000000000002c578                thread_is_sliceable
 .text.z_reset_time_slice
                0x000000000002c5b4       0x50 zephyr/kernel/libkernel.a(timeslicing.c.obj)
                0x000000000002c5b4                z_reset_time_slice
 .text.z_time_slice
                0x000000000002c604       0x60 zephyr/kernel/libkernel.a(timeslicing.c.obj)
                0x000000000002c604                z_time_slice
 .text.z_data_copy
                0x000000000002c664       0x38 zephyr/kernel/libkernel.a(xip.c.obj)
                0x000000000002c664                z_data_copy
 .text.first    0x000000000002c69c       0x10 zephyr/kernel/libkernel.a(timeout.c.obj)
 .text.elapsed  0x000000000002c6ac       0x14 zephyr/kernel/libkernel.a(timeout.c.obj)
 .text.remove_timeout
                0x000000000002c6c0       0x38 zephyr/kernel/libkernel.a(timeout.c.obj)
 .text.z_add_timeout
                0x000000000002c6f8       0xec zephyr/kernel/libkernel.a(timeout.c.obj)
                0x000000000002c6f8                z_add_timeout
 .text.sys_clock_announce
                0x000000000002c7e4       0xb0 zephyr/kernel/libkernel.a(timeout.c.obj)
                0x000000000002c7e4                sys_clock_announce
 .text.sys_clock_tick_get
                0x000000000002c894       0x30 zephyr/kernel/libkernel.a(timeout.c.obj)
                0x000000000002c894                sys_clock_tick_get
 .text.z_timer_expiration_handler
                0x000000000002c8c4       0xe0 zephyr/kernel/libkernel.a(timer.c.obj)
                0x000000000002c8c4                z_timer_expiration_handler
 .text.z_impl_k_timer_start
                0x000000000002c9a4       0x74 zephyr/kernel/libkernel.a(timer.c.obj)
                0x000000000002c9a4                z_impl_k_timer_start
 .text.z_thread_aligned_alloc
                0x000000000002ca18       0x40 zephyr/kernel/libkernel.a(mempool.c.obj)
                0x000000000002ca18                z_thread_aligned_alloc
 .text.boot_banner
                0x000000000002ca58        0xc zephyr/kernel/libkernel.a(banner.c.obj)
                0x000000000002ca58                boot_banner
 .text.statics_init
                0x000000000002ca64       0x24 zephyr/kernel/libkernel.a(kheap.c.obj)
 .text.skip_to_arg
                0x000000000002ca88      0x138 /opt/zephyr-sdk-0.16.3/arm-zephyr-eabi/bin/../lib/gcc/../../picolibc/arm-zephyr-eabi/lib/thumb/v7e-m+fp/hard/libc.a(libc_tinystdio_vfprintf.c.o)
 .text.vfprintf
                0x000000000002cbc0      0xba4 /opt/zephyr-sdk-0.16.3/arm-zephyr-eabi/bin/../lib/gcc/../../picolibc/arm-zephyr-eabi/lib/thumb/v7e-m+fp/hard/libc.a(libc_tinystdio_vfprintf.c.o)
                0x000000000002cbc0                __d_vfprintf
 .text.div10    0x000000000002d764       0x28 /opt/zephyr-sdk-0.16.3/arm-zephyr-eabi/bin/../lib/gcc/../../picolibc/arm-zephyr-eabi/lib/thumb/v7e-m+fp/hard/libc.a(libc_tinystdio_dtoa_ryu.c.o)
 .text.__dtoa_engine
                0x000000000002d78c      0x4b4 /opt/zephyr-sdk-0.16.3/arm-zephyr-eabi/bin/../lib/gcc/../../picolibc/arm-zephyr-eabi/lib/thumb/v7e-m+fp/hard/libc.a(libc_tinystdio_dtoa_ryu.c.o)
                0x000000000002d78c                __dtoa_engine
 .text.__pow5Factor
                0x000000000002dc40       0x30 /opt/zephyr-sdk-0.16.3/arm-zephyr-eabi/bin/../lib/gcc/../../picolibc/arm-zephyr-eabi/lib/thumb/v7e-m+fp/hard/libc.a(libc_tinystdio_ryu_table.c.o)
                0x000000000002dc40                __pow5Factor
 .text.__double_computePow5
                0x000000000002dc70       0xe8 /opt/zephyr-sdk-0.16.3/arm-zephyr-eabi/bin/../lib/gcc/../../picolibc/arm-zephyr-eabi/lib/thumb/v7e-m+fp/hard/libc.a(libc_tinystdio_ryu_table.c.o)
                0x000000000002dc70                __double_computePow5
 .text.__double_computeInvPow5
                0x000000000002dd58       0xf8 /opt/zephyr-sdk-0.16.3/arm-zephyr-eabi/bin/../lib/gcc/../../picolibc/arm-zephyr-eabi/lib/thumb/v7e-m+fp/hard/libc.a(libc_tinystdio_ryu_table.c.o)
                0x000000000002dd58                __double_computeInvPow5
 .text.__log10Pow2
                0x000000000002de50        0xc /opt/zephyr-sdk-0.16.3/arm-zephyr-eabi/bin/../lib/gcc/../../picolibc/arm-zephyr-eabi/lib/thumb/v7e-m+fp/hard/libc.a(libc_tinystdio_ryu_log10.c.o)
                0x000000000002de50                __log10Pow2
 .text.__log10Pow5
                0x000000000002de5c        0xc /opt/zephyr-sdk-0.16.3/arm-zephyr-eabi/bin/../lib/gcc/../../picolibc/arm-zephyr-eabi/lib/thumb/v7e-m+fp/hard/libc.a(libc_tinystdio_ryu_log10.c.o)
                0x000000000002de5c                __log10Pow5
 .text.__pow5bits
                0x000000000002de68       0x10 /opt/zephyr-sdk-0.16.3/arm-zephyr-eabi/bin/../lib/gcc/../../picolibc/arm-zephyr-eabi/lib/thumb/v7e-m+fp/hard/libc.a(libc_tinystdio_ryu_pow5bits.c.o)
                0x000000000002de68                __pow5bits
 .text._OffsetAbsSyms
                0x000000000002de78        0x2 zephyr/CMakeFiles/offsets.dir/./arch/arm/core/offsets/offsets.c.obj
                0x000000000002de78                _OffsetAbsSyms
 .text.activity_event_listener
                0x000000000002de7a        0x4 app/libapp.a(activity.c.obj)
 .text.note_activity_work_cb
                0x000000000002de7e        0x4 app/libapp.a(activity.c.obj)
 .text.zmk_behavior_get_binding
                0x000000000002de82        0x4 app/libapp.a(behavior.c.obj)
                0x000000000002de82                zmk_behavior_get_binding
 .text.zmk_matrix_transform_row_column_to_position
                0x000000000002de86       0x34 app/libapp.a(matrix_transform.c.obj)
                0x000000000002de86                zmk_matrix_transform_row_column_to_position
 .text.zmk_physical_layouts_get_position_map
                0x000000000002deba       0x1a app/libapp.a(physical_layouts.c.obj)
                0x000000000002deba                zmk_physical_layouts_get_position_map
 .text.zmk_event_manager_raise
                0x000000000002ded4        0x6 app/libapp.a(event_manager.c.obj)
                0x000000000002ded4                zmk_event_manager_raise
 .text.on_keymap_binding_pressed
                0x000000000002deda       0x18 app/libapp.a(behavior_reset.c.obj)
 .text.ext_power_enable
                0x000000000002def2        0xe app/libapp.a(behavior_ext_power.c.obj)
 .text.ext_power_disable
                0x000000000002df00        0xe app/libapp.a(behavior_ext_power.c.obj)
 .text.ext_power_get
                0x000000000002df0e        0xe app/libapp.a(behavior_ext_power.c.obj)
 .text.on_keymap_binding_released
                0x000000000002df1c        0xc app/libapp.a(behavior_ext_power.c.obj)
 .text.split_peripheral_listener
                0x000000000002df28       0x2c app/libapp.a(peripheral.c.obj)
                0x000000000002df28                split_peripheral_listener
 .text.raise_usb_status_changed_event
                0x000000000002df54        0xe app/libapp.a(usb.c.obj)
 .text.main     0x000000000002df62        0x4 app/libapp.a(main.c.obj)
                0x000000000002df62                main
 .text.chunk_size
                0x000000000002df66        0xa zephyr/libzephyr.a(heap.c.obj)
 .text.free_list_add
                0x000000000002df70       0x4e zephyr/libzephyr.a(heap.c.obj)
 .text.free_list_remove_bidx
                0x000000000002dfbe       0x3a zephyr/libzephyr.a(heap.c.obj)
 .text.free_list_remove
                0x000000000002dff8       0x1a zephyr/libzephyr.a(heap.c.obj)
 .text.alloc_chunk
                0x000000000002e012       0x6e zephyr/libzephyr.a(heap.c.obj)
 .text.merge_chunks
                0x000000000002e080       0x2c zephyr/libzephyr.a(heap.c.obj)
 .text.split_chunks
                0x000000000002e0ac       0x34 zephyr/libzephyr.a(heap.c.obj)
 .text.free_chunk
                0x000000000002e0e0       0x62 zephyr/libzephyr.a(heap.c.obj)
 .text.sys_heap_free
                0x000000000002e142       0x1e zephyr/libzephyr.a(heap.c.obj)
                0x000000000002e142                sys_heap_free
 .text.sys_heap_alloc
                0x000000000002e160       0x52 zephyr/libzephyr.a(heap.c.obj)
                0x000000000002e160                sys_heap_alloc
 .text.sys_heap_aligned_alloc
                0x000000000002e1b2       0xd0 zephyr/libzephyr.a(heap.c.obj)
                0x000000000002e1b2                sys_heap_aligned_alloc
 .text.sys_heap_init
                0x000000000002e282       0x7a zephyr/libzephyr.a(heap.c.obj)
                0x000000000002e282                sys_heap_init
 .text.arch_printk_char_out
                0x000000000002e2fc        0x4 zephyr/libzephyr.a(printk.c.obj)
                0x000000000002e2fc                arch_printk_char_out
 .text.printk   0x000000000002e300       0x1a zephyr/libzephyr.a(printk.c.obj)
                0x000000000002e300                printk
 .text.sys_slist_find_and_remove
                0x000000000002e31a       0x36 zephyr/libzephyr.a(onoff.c.obj)
 .text.process_recheck
                0x000000000002e350       0x38 zephyr/libzephyr.a(onoff.c.obj)
 .text.validate_args
                0x000000000002e388       0x20 zephyr/libzephyr.a(onoff.c.obj)
 .text.notify_one
                0x000000000002e3a8       0x2c zephyr/libzephyr.a(onoff.c.obj)
 .text.transition_complete
                0x000000000002e3d4       0x1c zephyr/libzephyr.a(onoff.c.obj)
 .text.onoff_manager_init
                0x000000000002e3f0       0x26 zephyr/libzephyr.a(onoff.c.obj)
                0x000000000002e3f0                onoff_manager_init
 .text.onoff_request
                0x000000000002e416       0xae zephyr/libzephyr.a(onoff.c.obj)
                0x000000000002e416                onoff_request
 .text.onoff_release
                0x000000000002e4c4       0x48 zephyr/libzephyr.a(onoff.c.obj)
                0x000000000002e4c4                onoff_release
 .text.onoff_cancel
                0x000000000002e50c       0x36 zephyr/libzephyr.a(onoff.c.obj)
                0x000000000002e50c                onoff_cancel
 .text.sys_notify_validate
                0x000000000002e542       0x22 zephyr/libzephyr.a(notify.c.obj)
                0x000000000002e542                sys_notify_validate
 .text.sys_notify_finalize
                0x000000000002e564       0x1a zephyr/libzephyr.a(notify.c.obj)
                0x000000000002e564                sys_notify_finalize
 .text._ConfigAbsSyms
                0x000000000002e57e        0x2 zephyr/libzephyr.a(configs.c.obj)
                0x000000000002e57e                _ConfigAbsSyms
 .text.get_ep_bm_from_addr
                0x000000000002e580       0x1c zephyr/libzephyr.a(usb_device.c.obj)
 .text.usb_write
                0x000000000002e59c       0x30 zephyr/libzephyr.a(usb_device.c.obj)
                0x000000000002e59c                usb_write
 .text.z_arm_fatal_error
                0x000000000002e5cc        0xc zephyr/arch/arch/arm/core/libarch__arm__core.a(fatal.c.obj)
                0x000000000002e5cc                z_arm_fatal_error
 .text.z_do_kernel_oops
                0x000000000002e5d8        0x8 zephyr/arch/arch/arm/core/libarch__arm__core.a(fatal.c.obj)
                0x000000000002e5d8                z_do_kernel_oops
 .text.z_arm_nmi
                0x000000000002e5e0        0xe zephyr/arch/arch/arm/core/libarch__arm__core.a(nmi.c.obj)
                0x000000000002e5e0                z_arm_nmi
 .text.z_irq_spurious
                0x000000000002e5ee        0x8 zephyr/arch/arch/arm/core/cortex_m/libarch__arm__core__cortex_m.a(irq_manage.c.obj)
                0x000000000002e5ee                z_irq_spurious
 .text.arch_irq_unlock_outlined
                0x000000000002e5f6        0xe zephyr/arch/arch/arm/core/cortex_m/libarch__arm__core__cortex_m.a(thread.c.obj)
                0x000000000002e5f6                arch_irq_unlock_outlined
 .text.arch_cpu_idle
                0x000000000002e604       0x1a zephyr/arch/arch/arm/core/cortex_m/libarch__arm__core__cortex_m.a(cpu_idle.c.obj)
                0x000000000002e604                arch_cpu_idle
 .text.arch_cpu_atomic_idle
                0x000000000002e61e       0x1e zephyr/arch/arch/arm/core/cortex_m/libarch__arm__core__cortex_m.a(cpu_idle.c.obj)
                0x000000000002e61e                arch_cpu_atomic_idle
 .text.size_to_mpu_rasr_size
                0x000000000002e63c       0x20 zephyr/arch/arch/arm/core/mpu/libarch__arm__core__mpu.a(arm_mpu.c.obj)
 .text.ep_ctx_reset
                0x000000000002e65c       0x26 zephyr/drivers/usb/device/libdrivers__usb__device.a(usb_dc_nrfx.c.obj)
 .text.k_mutex_lock.constprop.0.isra.0
                0x000000000002e682        0x4 zephyr/drivers/usb/device/libdrivers__usb__device.a(usb_dc_nrfx.c.obj)
 .text.k_mutex_unlock.isra.0
                0x000000000002e686        0x4 zephyr/drivers/usb/device/libdrivers__usb__device.a(usb_dc_nrfx.c.obj)
 .text.usb_dc_ep_check_cap
                0x000000000002e68a       0x2a zephyr/drivers/usb/device/libdrivers__usb__device.a(usb_dc_nrfx.c.obj)
                0x000000000002e68a                usb_dc_ep_check_cap
 .text.usb_dc_ep_disable
                0x000000000002e6b4       0x32 zephyr/drivers/usb/device/libdrivers__usb__device.a(usb_dc_nrfx.c.obj)
                0x000000000002e6b4                usb_dc_ep_disable
 .text.usb_dc_ep_read
                0x000000000002e6e6       0x1e zephyr/drivers/usb/device/libdrivers__usb__device.a(usb_dc_nrfx.c.obj)
                0x000000000002e6e6                usb_dc_ep_read
 .text.ep2bit   0x000000000002e704       0x10 zephyr/drivers/usb/common/nrf_usbd_common/libdrivers__usb__common__nrf_usbd_common.a(nrf_usbd_common.c.obj)
 .text.nrf_usbd_common_ep_max_packet_size_set
                0x000000000002e714        0xa zephyr/drivers/usb/common/nrf_usbd_common/libdrivers__usb__common__nrf_usbd_common.a(nrf_usbd_common.c.obj)
                0x000000000002e714                nrf_usbd_common_ep_max_packet_size_set
 .text.nrf_usbd_common_ep_status_get
                0x000000000002e71e       0x2c zephyr/drivers/usb/common/nrf_usbd_common/libdrivers__usb__common__nrf_usbd_common.a(nrf_usbd_common.c.obj)
                0x000000000002e71e                nrf_usbd_common_ep_status_get
 .text.get_status
                0x000000000002e74a       0x12 zephyr/drivers/clock_control/libdrivers__clock_control.a(clock_control_nrf.c.obj)
 .text.stop     0x000000000002e75c       0x52 zephyr/drivers/clock_control/libdrivers__clock_control.a(clock_control_nrf.c.obj)
 .text.api_stop
                0x000000000002e7ae        0x6 zephyr/drivers/clock_control/libdrivers__clock_control.a(clock_control_nrf.c.obj)
 .text.async_start
                0x000000000002e7b4       0x5c zephyr/drivers/clock_control/libdrivers__clock_control.a(clock_control_nrf.c.obj)
 .text.api_start
                0x000000000002e810        0xe zephyr/drivers/clock_control/libdrivers__clock_control.a(clock_control_nrf.c.obj)
 .text.onoff_started_callback
                0x000000000002e81e       0x14 zephyr/drivers/clock_control/libdrivers__clock_control.a(clock_control_nrf.c.obj)
 .text.lfclk_start
                0x000000000002e832        0x6 zephyr/drivers/clock_control/libdrivers__clock_control.a(clock_control_nrf.c.obj)
 .text.lfclk_stop
                0x000000000002e838        0x6 zephyr/drivers/clock_control/libdrivers__clock_control.a(clock_control_nrf.c.obj)
 .text.blocking_start_callback
                0x000000000002e83e        0x6 zephyr/drivers/clock_control/libdrivers__clock_control.a(clock_control_nrf.c.obj)
 .text.gpio_nrfx_port_get_raw
                0x000000000002e844        0xe zephyr/drivers/gpio/libdrivers__gpio.a(gpio_nrfx.c.obj)
 .text.gpio_nrfx_port_set_masked_raw
                0x000000000002e852       0x18 zephyr/drivers/gpio/libdrivers__gpio.a(gpio_nrfx.c.obj)
 .text.gpio_nrfx_port_set_bits_raw
                0x000000000002e86a        0xc zephyr/drivers/gpio/libdrivers__gpio.a(gpio_nrfx.c.obj)
 .text.gpio_nrfx_port_clear_bits_raw
                0x000000000002e876        0xc zephyr/drivers/gpio/libdrivers__gpio.a(gpio_nrfx.c.obj)
 .text.gpio_nrfx_port_toggle_bits
                0x000000000002e882       0x1a zephyr/drivers/gpio/libdrivers__gpio.a(gpio_nrfx.c.obj)
 .text.gpio_nrfx_manage_callback
                0x000000000002e89c       0x52 zephyr/drivers/gpio/libdrivers__gpio.a(gpio_nrfx.c.obj)
 .text.z_impl_hwinfo_get_device_id
                0x000000000002e8ee       0x28 zephyr/drivers/hwinfo/libdrivers__hwinfo.a(hwinfo_nrf.c.obj)
                0x000000000002e8ee                z_impl_hwinfo_get_device_id
 .text.kscan_gpio_pin_get
                0x000000000002e916       0x30 zephyr/drivers/kscan/libdrivers__kscan.a(kscan_gpio.c.obj)
                0x000000000002e916                kscan_gpio_pin_get
 .text.z_impl_gpio_pin_configure
                0x000000000002e946       0x34 zephyr/drivers/kscan/libdrivers__kscan.a(kscan_gpio_direct.c.obj)
 .text.kscan_direct_configure
                0x000000000002e97a       0x10 zephyr/drivers/kscan/libdrivers__kscan.a(kscan_gpio_direct.c.obj)
 .text.kscan_direct_irq_callback_handler
                0x000000000002e98a       0x40 zephyr/drivers/kscan/libdrivers__kscan.a(kscan_gpio_direct.c.obj)
 .text.kscan_direct_read
                0x000000000002e9ca      0x168 zephyr/drivers/kscan/libdrivers__kscan.a(kscan_gpio_direct.c.obj)
 .text.kscan_direct_enable
                0x000000000002eb32       0x2c zephyr/drivers/kscan/libdrivers__kscan.a(kscan_gpio_direct.c.obj)
 .text.kscan_direct_work_handler
                0x000000000002eb5e        0x8 zephyr/drivers/kscan/libdrivers__kscan.a(kscan_gpio_direct.c.obj)
 .text.kscan_direct_disable
                0x000000000002eb66       0x1a zephyr/drivers/kscan/libdrivers__kscan.a(kscan_gpio_direct.c.obj)
 .text.event_clear
                0x000000000002eb80       0x18 zephyr/drivers/timer/libdrivers__timer.a(nrf_rtc_timer.c.obj)
 .text.nrfx_isr
                0x000000000002eb98        0x2 modules/hal_nordic/nrfx/libmodules__hal_nordic__nrfx.a(nrfx_glue.c.obj)
                0x000000000002eb98                nrfx_isr
 .text.nrfx_busy_wait
                0x000000000002eb9a        0x4 modules/hal_nordic/nrfx/libmodules__hal_nordic__nrfx.a(nrfx_glue.c.obj)
                0x000000000002eb9a                nrfx_busy_wait
 .text.nrfx_clock_stop
                0x000000000002eb9e        0x4 modules/hal_nordic/nrfx/libmodules__hal_nordic__nrfx.a(nrfx_clock.c.obj)
                0x000000000002eb9e                nrfx_clock_stop
 .text.nrf_gpio_reconfigure
                0x000000000002eba2       0x92 modules/hal_nordic/nrfx/libmodules__hal_nordic__nrfx.a(nrfx_gpiote.c.obj)
 .text.nrf_gpio_cfg_sense_set
                0x000000000002ec34       0x1e modules/hal_nordic/nrfx/libmodules__hal_nordic__nrfx.a(nrfx_gpiote.c.obj)
 .text.pin_trigger_disable
                0x000000000002ec52       0x48 modules/hal_nordic/nrfx/libmodules__hal_nordic__nrfx.a(nrfx_gpiote.c.obj)
 .text.nrfx_gpiote_pin_uninit
                0x000000000002ec9a        0x4 modules/hal_nordic/nrfx/libmodules__hal_nordic__nrfx.a(nrfx_gpiote.c.obj)
                0x000000000002ec9a                nrfx_gpiote_pin_uninit
 .text.nrfx_gpiote_trigger_disable
                0x000000000002ec9e        0x4 modules/hal_nordic/nrfx/libmodules__hal_nordic__nrfx.a(nrfx_gpiote.c.obj)
                0x000000000002ec9e                nrfx_gpiote_trigger_disable
 .text.nrf_power_event_get_and_clear.constprop.0
                0x000000000002eca2       0x18 modules/hal_nordic/nrfx/libmodules__hal_nordic__nrfx.a(nrfx_power.c.obj)
 .text.nrfx_power_usbevt_enable
                0x000000000002ecba        0xe modules/hal_nordic/nrfx/libmodules__hal_nordic__nrfx.a(nrfx_power.c.obj)
                0x000000000002ecba                nrfx_power_usbevt_enable
 .text.nrfx_power_usbevt_disable
                0x000000000002ecc8        0xe modules/hal_nordic/nrfx/libmodules__hal_nordic__nrfx.a(nrfx_power.c.obj)
                0x000000000002ecc8                nrfx_power_usbevt_disable
 .text.nrfx_power_clock_irq_handler
                0x000000000002ecd6        0xe modules/hal_nordic/nrfx/libmodules__hal_nordic__nrfx.a(nrfx_power.c.obj)
                0x000000000002ecd6                nrfx_power_clock_irq_handler
 .text.zmk_debounce_update
                0x000000000002ece4       0x58 modules/module/lib/zmk_debounce/lib..__zmk__app__module__lib__zmk_debounce.a(debounce.c.obj)
                0x000000000002ece4                zmk_debounce_update
 .text.zmk_debounce_is_active
                0x000000000002ed3c       0x10 modules/module/lib/zmk_debounce/lib..__zmk__app__module__lib__zmk_debounce.a(debounce.c.obj)
                0x000000000002ed3c                zmk_debounce_is_active
 .text.zmk_debounce_is_pressed
                0x000000000002ed4c        0x8 modules/module/lib/zmk_debounce/lib..__zmk__app__module__lib__zmk_debounce.a(debounce.c.obj)
                0x000000000002ed4c                zmk_debounce_is_pressed
 .text.zmk_debounce_get_changed
                0x000000000002ed54        0x8 modules/module/lib/zmk_debounce/lib..__zmk__app__module__lib__zmk_debounce.a(debounce.c.obj)
                0x000000000002ed54                zmk_debounce_get_changed
 .text.z_impl_k_busy_wait
                0x000000000002ed5c        0x8 zephyr/kernel/libkernel.a(busy_wait.c.obj)
                0x000000000002ed5c                z_impl_k_busy_wait
 .text.z_device_state_init
                0x000000000002ed64        0x2 zephyr/kernel/libkernel.a(device.c.obj)
                0x000000000002ed64                z_device_state_init
 .text.z_impl_device_is_ready
                0x000000000002ed66       0x16 zephyr/kernel/libkernel.a(device.c.obj)
                0x000000000002ed66                z_impl_device_is_ready
 .text.arch_system_halt
                0x000000000002ed7c       0x10 zephyr/kernel/libkernel.a(fatal.c.obj)
                0x000000000002ed7c                arch_system_halt
 .text.k_sys_fatal_error_handler
                0x000000000002ed8c        0x6 zephyr/kernel/libkernel.a(fatal.c.obj)
                0x000000000002ed8c                k_sys_fatal_error_handler
 .text.do_device_init
                0x000000000002ed92       0x30 zephyr/kernel/libkernel.a(init.c.obj)
 .text.z_early_memset
                0x000000000002edc2        0x4 zephyr/kernel/libkernel.a(init.c.obj)
                0x000000000002edc2                z_early_memset
 .text.z_early_memcpy
                0x000000000002edc6        0x4 zephyr/kernel/libkernel.a(init.c.obj)
                0x000000000002edc6                z_early_memcpy
 .text.z_init_static
                0x000000000002edca        0x2 zephyr/kernel/libkernel.a(init_static.c.obj)
                0x000000000002edca                z_init_static
 .text.create_free_list
                0x000000000002edcc       0x34 zephyr/kernel/libkernel.a(mem_slab.c.obj)
 .text.k_mem_slab_free
                0x000000000002ee00       0x6e zephyr/kernel/libkernel.a(mem_slab.c.obj)
                0x000000000002ee00                k_mem_slab_free
 .text.idle     0x000000000002ee6e       0x16 zephyr/kernel/libkernel.a(idle.c.obj)
                0x000000000002ee6e                idle
 .text.unpend_thread_no_timeout
                0x000000000002ee84       0x1a zephyr/kernel/libkernel.a(msg_q.c.obj)
 .text.adjust_owner_prio.isra.0
                0x000000000002ee9e       0x10 zephyr/kernel/libkernel.a(mutex.c.obj)
 .text.z_impl_k_mutex_init
                0x000000000002eeae        0xe zephyr/kernel/libkernel.a(mutex.c.obj)
                0x000000000002eeae                z_impl_k_mutex_init
 .text.unpend_thread_no_timeout
                0x000000000002eebc       0x1a zephyr/kernel/libkernel.a(queue.c.obj)
 .text.queue_insert
                0x000000000002eed6       0xd0 zephyr/kernel/libkernel.a(queue.c.obj)
 .text.z_queue_node_peek
                0x000000000002efa6       0x18 zephyr/kernel/libkernel.a(queue.c.obj)
                0x000000000002efa6                z_queue_node_peek
 .text.k_queue_append
                0x000000000002efbe       0x16 zephyr/kernel/libkernel.a(queue.c.obj)
                0x000000000002efbe                k_queue_append
 .text.z_impl_k_sem_init
                0x000000000002efd4       0x18 zephyr/kernel/libkernel.a(sem.c.obj)
                0x000000000002efd4                z_impl_k_sem_init
 .text.flag_test_and_clear
                0x000000000002efec       0x16 zephyr/kernel/libkernel.a(work.c.obj)
 .text.unschedule_locked
                0x000000000002f002       0x1e zephyr/kernel/libkernel.a(work.c.obj)
 .text.notify_queue_locked.isra.0
                0x000000000002f020        0xe zephyr/kernel/libkernel.a(work.c.obj)
 .text.cancel_async_locked
                0x000000000002f02e       0x66 zephyr/kernel/libkernel.a(work.c.obj)
 .text.work_timeout
                0x000000000002f094       0x3c zephyr/kernel/libkernel.a(work.c.obj)
 .text.k_work_init
                0x000000000002f0d0       0x12 zephyr/kernel/libkernel.a(work.c.obj)
                0x000000000002f0d0                k_work_init
 .text.z_work_submit_to_queue
                0x000000000002f0e2       0x26 zephyr/kernel/libkernel.a(work.c.obj)
                0x000000000002f0e2                z_work_submit_to_queue
 .text.k_work_submit_to_queue
                0x000000000002f108       0x20 zephyr/kernel/libkernel.a(work.c.obj)
                0x000000000002f108                k_work_submit_to_queue
 .text.k_work_init_delayable
                0x000000000002f128       0x18 zephyr/kernel/libkernel.a(work.c.obj)
                0x000000000002f128                k_work_init_delayable
 .text.k_work_cancel_delayable
                0x000000000002f140       0x26 zephyr/kernel/libkernel.a(work.c.obj)
                0x000000000002f140                k_work_cancel_delayable
 .text.k_is_in_isr
                0x000000000002f166        0xc zephyr/kernel/libkernel.a(thread.c.obj)
                0x000000000002f166                k_is_in_isr
 .text.z_impl_k_thread_name_set
                0x000000000002f172        0x6 zephyr/kernel/libkernel.a(thread.c.obj)
                0x000000000002f172                z_impl_k_thread_name_set
 .text.sys_dlist_remove
                0x000000000002f178       0x10 zephyr/kernel/libkernel.a(sched.c.obj)
 .text.unpend_thread_no_timeout
                0x000000000002f188       0x14 zephyr/kernel/libkernel.a(sched.c.obj)
 .text.add_to_waitq_locked
                0x000000000002f19c       0x50 zephyr/kernel/libkernel.a(sched.c.obj)
 .text.z_ready_thread
                0x000000000002f1ec       0x1e zephyr/kernel/libkernel.a(sched.c.obj)
                0x000000000002f1ec                z_ready_thread
 .text.z_unpend_thread_no_timeout
                0x000000000002f20a       0x22 zephyr/kernel/libkernel.a(sched.c.obj)
                0x000000000002f20a                z_unpend_thread_no_timeout
 .text.z_sched_wake_thread
                0x000000000002f22c       0x3a zephyr/kernel/libkernel.a(sched.c.obj)
                0x000000000002f22c                z_sched_wake_thread
 .text.z_thread_timeout
                0x000000000002f266        0x8 zephyr/kernel/libkernel.a(sched.c.obj)
                0x000000000002f266                z_thread_timeout
 .text.z_unpend_thread
                0x000000000002f26e       0x10 zephyr/kernel/libkernel.a(sched.c.obj)
                0x000000000002f26e                z_unpend_thread
 .text.z_unpend_all
                0x000000000002f27e       0x28 zephyr/kernel/libkernel.a(sched.c.obj)
                0x000000000002f27e                z_unpend_all
 .text.z_impl_k_sleep
                0x000000000002f2a6       0x32 zephyr/kernel/libkernel.a(sched.c.obj)
                0x000000000002f2a6                z_impl_k_sleep
 .text.z_sched_wake
                0x000000000002f2d8       0x44 zephyr/kernel/libkernel.a(sched.c.obj)
                0x000000000002f2d8                z_sched_wake
 .text.next_timeout
                0x000000000002f31c       0x32 zephyr/kernel/libkernel.a(timeout.c.obj)
 .text.z_abort_timeout
                0x000000000002f34e       0x42 zephyr/kernel/libkernel.a(timeout.c.obj)
                0x000000000002f34e                z_abort_timeout
 .text.sys_clock_tick_get_32
                0x000000000002f390        0x8 zephyr/kernel/libkernel.a(timeout.c.obj)
                0x000000000002f390                sys_clock_tick_get_32
 .text.z_impl_k_uptime_ticks
                0x000000000002f398        0x4 zephyr/kernel/libkernel.a(timeout.c.obj)
                0x000000000002f398                z_impl_k_uptime_ticks
 .text.sys_timepoint_calc
                0x000000000002f39c       0x48 zephyr/kernel/libkernel.a(timeout.c.obj)
                0x000000000002f39c                sys_timepoint_calc
 .text.sys_timepoint_timeout
                0x000000000002f3e4       0x42 zephyr/kernel/libkernel.a(timeout.c.obj)
                0x000000000002f3e4                sys_timepoint_timeout
 .text.k_free   0x000000000002f426        0xe zephyr/kernel/libkernel.a(mempool.c.obj)
                0x000000000002f426                k_free
 .text.k_heap_init
                0x000000000002f434       0x12 zephyr/kernel/libkernel.a(kheap.c.obj)
                0x000000000002f434                k_heap_init
 .text.k_heap_aligned_alloc
                0x000000000002f446       0x82 zephyr/kernel/libkernel.a(kheap.c.obj)
                0x000000000002f446                k_heap_aligned_alloc
 .text.k_heap_free
                0x000000000002f4c8       0x38 zephyr/kernel/libkernel.a(kheap.c.obj)
                0x000000000002f4c8                k_heap_free
 .text.swapfunc
                0x000000000002f500       0x32 /opt/zephyr-sdk-0.16.3/arm-zephyr-eabi/bin/../lib/gcc/../../picolibc/arm-zephyr-eabi/lib/thumb/v7e-m+fp/hard/libc.a(libc_search_qsort.c.o)
 .text.med3.constprop.0
                0x000000000002f532       0x40 /opt/zephyr-sdk-0.16.3/arm-zephyr-eabi/bin/../lib/gcc/../../picolibc/arm-zephyr-eabi/lib/thumb/v7e-m+fp/hard/libc.a(libc_search_qsort.c.o)
 .text.qsort    0x000000000002f572      0x28e /opt/zephyr-sdk-0.16.3/arm-zephyr-eabi/bin/../lib/gcc/../../picolibc/arm-zephyr-eabi/lib/thumb/v7e-m+fp/hard/libc.a(libc_search_qsort.c.o)
                0x000000000002f572                qsort
 .text.strnlen  0x000000000002f800       0x18 /opt/zephyr-sdk-0.16.3/arm-zephyr-eabi/bin/../lib/gcc/../../picolibc/arm-zephyr-eabi/lib/thumb/v7e-m+fp/hard/libc.a(libc_string_strnlen.c.o)
                0x000000000002f800                strnlen
 .text.__ultoa_invert
                0x000000000002f818       0x58 /opt/zephyr-sdk-0.16.3/arm-zephyr-eabi/bin/../lib/gcc/../../picolibc/arm-zephyr-eabi/lib/thumb/v7e-m+fp/hard/libc.a(libc_tinystdio_vfprintf.c.o)
 .text.mulShiftAll64
                0x000000000002f870      0x17a /opt/zephyr-sdk-0.16.3/arm-zephyr-eabi/bin/../lib/gcc/../../picolibc/arm-zephyr-eabi/lib/thumb/v7e-m+fp/hard/libc.a(libc_tinystdio_dtoa_ryu.c.o)
 .text.__umul128
                0x000000000002f9ea       0x36 /opt/zephyr-sdk-0.16.3/arm-zephyr-eabi/bin/../lib/gcc/../../picolibc/arm-zephyr-eabi/lib/thumb/v7e-m+fp/hard/libc.a(libc_tinystdio_ryu_umul128.c.o)
                0x000000000002f9ea                __umul128
 .text.__shiftright128
                0x000000000002fa20       0x3e /opt/zephyr-sdk-0.16.3/arm-zephyr-eabi/bin/../lib/gcc/../../picolibc/arm-zephyr-eabi/lib/thumb/v7e-m+fp/hard/libc.a(libc_tinystdio_ryu_umul128.c.o)
                0x000000000002fa20                __shiftright128
 .text.memcpy   0x000000000002fa5e       0x1c /opt/zephyr-sdk-0.16.3/arm-zephyr-eabi/bin/../lib/gcc/../../picolibc/arm-zephyr-eabi/lib/thumb/v7e-m+fp/hard/libc.a(memcpy.c.o)
                0x000000000002fa5e                memcpy
                0x000000000002fa5e                __aeabi_memcpy
                0x000000000002fa5e                __aeabi_memcpy4
                0x000000000002fa5e                __aeabi_memcpy8
 .text.memset   0x000000000002fa7a       0x10 /opt/zephyr-sdk-0.16.3/arm-zephyr-eabi/bin/../lib/gcc/../../picolibc/arm-zephyr-eabi/lib/thumb/v7e-m+fp/hard/libc.a(memset.c.o)
                0x000000000002fa7a                memset
 *(SORT_BY_ALIGNMENT(.TEXT.*))
 *fill*         0x000000000002fa8a        0x2 
 .TEXT.__aeabi_read_tp
                0x000000000002fa8c        0xc zephyr/arch/arch/arm/core/cortex_m/libarch__arm__core__cortex_m.a(__aeabi_read_tp.S.obj)
                0x000000000002fa8c                __aeabi_read_tp
 *(SORT_BY_ALIGNMENT(.gnu.linkonce.t.*))
 *(SORT_BY_ALIGNMENT(.glue_7t))
 .glue_7t       0x000000000002fa98        0x0 linker stubs
 *(SORT_BY_ALIGNMENT(.glue_7))
 .glue_7        0x000000000002fa98        0x0 linker stubs
 *(SORT_BY_ALIGNMENT(.vfp11_veneer))
 .vfp11_veneer  0x000000000002fa98        0x0 linker stubs
 *(SORT_BY_ALIGNMENT(.v4_bx))
 .v4_bx         0x000000000002fa98        0x0 linker stubs
                0x000000000002fa98                . = ALIGN (0x4)
                0x000000000002fa98                __text_region_end = .

.ARM.exidx      0x000000000002fa98        0x8
                0x000000000002fa98                __exidx_start = .
 *(SORT_BY_ALIGNMENT(.ARM.exidx*) SORT_BY_ALIGNMENT(gnu.linkonce.armexidx.*))
 .ARM.exidx     0x000000000002fa98        0x8 /opt/zephyr-sdk-0.16.3/arm-zephyr-eabi/bin/../lib/gcc/../../picolibc/arm-zephyr-eabi/lib/thumb/v7e-m+fp/hard/libc.a(strcmp.S.o)
 .ARM.exidx     0x000000000002faa0        0x0 /opt/zephyr-sdk-0.16.3/arm-zephyr-eabi/bin/../lib/gcc/../../picolibc/arm-zephyr-eabi/lib/thumb/v7e-m+fp/hard/libc.a(strlen.S.o)
                                          0x8 (size before relaxing)
 .ARM.exidx     0x000000000002faa0        0x0 /opt/zephyr-sdk-0.16.3/arm-zephyr-eabi/bin/../lib/gcc/arm-zephyr-eabi/12.2.0/thumb/v7e-m+fp/hard/libgcc.a(_udivmoddi4.o)
                                          0x8 (size before relaxing)
                0x000000000002faa0                __exidx_end = .
                0x000000000002faa0                __rodata_region_start = .

initlevel       0x000000000002faa0       0x90
                0x000000000002faa0                __init_start = .
                0x000000000002faa0                __init_EARLY_start = .
 *(SORT_BY_NAME(SORT_BY_ALIGNMENT(.z_init_EARLY?_*)))
 *(SORT_BY_NAME(SORT_BY_ALIGNMENT(.z_init_EARLY??_*)))
                0x000000000002faa0                __init_PRE_KERNEL_1_start = .
 *(SORT_BY_NAME(SORT_BY_ALIGNMENT(.z_init_PRE_KERNEL_1?_*)))
 .z_init_PRE_KERNEL_10_0_
                0x000000000002faa0        0x8 zephyr/soc/soc/nrf52840/libsoc__nordic.a(soc.c.obj)
 *(SORT_BY_NAME(SORT_BY_ALIGNMENT(.z_init_PRE_KERNEL_1??_*)))
 .z_init_PRE_KERNEL_130_00103_
                0x000000000002faa8        0x8 zephyr/drivers/clock_control/libdrivers__clock_control.a(clock_control_nrf.c.obj)
 .z_init_PRE_KERNEL_130_0_
                0x000000000002fab0        0x8 zephyr/kernel/libkernel.a(mem_slab.c.obj)
 .z_init_PRE_KERNEL_130_0_
                0x000000000002fab8        0x8 zephyr/kernel/libkernel.a(kheap.c.obj)
 .z_init_PRE_KERNEL_140_00012_
                0x000000000002fac0        0x8 zephyr/drivers/gpio/libdrivers__gpio.a(gpio_nrfx.c.obj)
 .z_init_PRE_KERNEL_140_00013_
                0x000000000002fac8        0x8 zephyr/drivers/gpio/libdrivers__gpio.a(gpio_nrfx.c.obj)
                0x000000000002fad0                __init_PRE_KERNEL_2_start = .
 *(SORT_BY_NAME(SORT_BY_ALIGNMENT(.z_init_PRE_KERNEL_2?_*)))
 .z_init_PRE_KERNEL_20_0_
                0x000000000002fad0        0x8 zephyr/drivers/timer/libdrivers__timer.a(nrf_rtc_timer.c.obj)
 *(SORT_BY_NAME(SORT_BY_ALIGNMENT(.z_init_PRE_KERNEL_2??_*)))
                0x000000000002fad8                __init_POST_KERNEL_start = .
 *(SORT_BY_NAME(SORT_BY_ALIGNMENT(.z_init_POST_KERNEL?_*)))
 *(SORT_BY_NAME(SORT_BY_ALIGNMENT(.z_init_POST_KERNEL??_*)))
 .z_init_POST_KERNEL35_0_
                0x000000000002fad8        0x8 zephyr/lib/libc/common/liblib__libc__common.a(malloc.c.obj)
 .z_init_POST_KERNEL40_00024_
                0x000000000002fae0        0x8 app/libapp.a(behavior_reset.c.obj)
 .z_init_POST_KERNEL40_00025_
                0x000000000002fae8        0x8 app/libapp.a(behavior_ext_power.c.obj)
 .z_init_POST_KERNEL40_00042_
                0x000000000002faf0        0x8 app/libapp.a(behavior_reset.c.obj)
 .z_init_POST_KERNEL40_0_
                0x000000000002faf8        0x8 zephyr/kernel/libkernel.a(system_work_q.c.obj)
 .z_init_POST_KERNEL50_0_
                0x000000000002fb00        0x8 zephyr/drivers/usb/device/libdrivers__usb__device.a(usb_dc_nrfx.c.obj)
 .z_init_POST_KERNEL90_00014_
                0x000000000002fb08        0x8 zephyr/drivers/kscan/libdrivers__kscan.a(kscan_gpio_direct.c.obj)
                0x000000000002fb10                __init_APPLICATION_start = .
 *(SORT_BY_NAME(SORT_BY_ALIGNMENT(.z_init_APPLICATION?_*)))
 *(SORT_BY_NAME(SORT_BY_ALIGNMENT(.z_init_APPLICATION??_*)))
 .z_init_APPLICATION40_0_
                0x000000000002fb10        0x8 app/libapp.a(peripheral.c.obj)
 .z_init_APPLICATION90_0_
                0x000000000002fb18        0x8 app/libapp.a(activity.c.obj)
 .z_init_APPLICATION90_0_
                0x000000000002fb20        0x8 app/libapp.a(physical_layouts.c.obj)
 .z_init_APPLICATION96_0_
                0x000000000002fb28        0x8 app/libapp.a(usb.c.obj)
                0x000000000002fb30                __init_SMP_start = .
 *(SORT_BY_NAME(SORT_BY_ALIGNMENT(.z_init_SMP?_*)))
 *(SORT_BY_NAME(SORT_BY_ALIGNMENT(.z_init_SMP??_*)))
                0x000000000002fb30                __init_end = .
                0x000000000002fb30                __deferred_init_list_start = .
 *(SORT_BY_ALIGNMENT(.z_deferred_init*))
                0x000000000002fb30                __deferred_init_list_end = .

device_area     0x000000000002fb30       0x8c
                0x000000000002fb30                _device_list_start = .
 *(SORT_BY_NAME(SORT_BY_ALIGNMENT(._device.static.*_?_*)))
 *(SORT_BY_NAME(SORT_BY_ALIGNMENT(._device.static.*_??_*)))
 ._device.static.1_30_
                0x000000000002fb30       0x14 zephyr/drivers/clock_control/libdrivers__clock_control.a(clock_control_nrf.c.obj)
                0x000000000002fb30                __device_dts_ord_103
 ._device.static.1_40_
                0x000000000002fb44       0x28 zephyr/drivers/gpio/libdrivers__gpio.a(gpio_nrfx.c.obj)
                0x000000000002fb44                __device_dts_ord_13
                0x000000000002fb58                __device_dts_ord_12
 ._device.static.3_40_
                0x000000000002fb6c       0x28 app/libapp.a(behavior_reset.c.obj)
                0x000000000002fb6c                __device_dts_ord_24
                0x000000000002fb80                __device_dts_ord_42
 ._device.static.3_40_
                0x000000000002fb94       0x14 app/libapp.a(behavior_ext_power.c.obj)
                0x000000000002fb94                __device_dts_ord_25
 ._device.static.3_90_
                0x000000000002fba8       0x14 zephyr/drivers/kscan/libdrivers__kscan.a(kscan_gpio_direct.c.obj)
                0x000000000002fba8                __device_dts_ord_14
 *(SORT_BY_NAME(SORT_BY_ALIGNMENT(._device.static.*_???_*)))
 *(SORT_BY_NAME(SORT_BY_ALIGNMENT(._device.static.*_????_*)))
 *(SORT_BY_NAME(SORT_BY_ALIGNMENT(._device.static.*_?????_*)))
                0x000000000002fbbc                _device_list_end = .

sw_isr_table    0x000000000002fbbc      0x180
                0x000000000002fbbc                . = ALIGN (0x4)
 *(SORT_BY_ALIGNMENT(.gnu.linkonce.sw_isr_table*))
 .gnu.linkonce.sw_isr_table
                0x000000000002fbbc      0x180 zephyr/CMakeFiles/zephyr_final.dir/isr_tables.c.obj
                0x000000000002fbbc                _sw_isr_table

initlevel_error
                0x000000000002faa0        0x0
 *(SORT_BY_NAME(SORT_BY_ALIGNMENT(.z_init_[_A-Z0-9]*)))
                0x0000000000000001                ASSERT ((SIZEOF (initlevel_error) == 0x0), Undefined initialization levels used.)

app_shmem_regions
                0x000000000002fd3c        0x0
                0x000000000002fd3c                __app_shmem_regions_start = .
 *(SORT_BY_NAME(SORT_BY_ALIGNMENT(.app_regions.*)))
                0x000000000002fd3c                __app_shmem_regions_end = .

k_p4wq_initparam_area
                0x000000000002fd3c        0x0
                0x000000000002fd3c                _k_p4wq_initparam_list_start = .
 *(SORT_BY_NAME(SORT_BY_ALIGNMENT(._k_p4wq_initparam.static.*)))
                0x000000000002fd3c                _k_p4wq_initparam_list_end = .

_static_thread_data_area
                0x000000000002fd40       0x30
                0x000000000002fd40                __static_thread_data_list_start = .
 *(SORT_BY_NAME(SORT_BY_ALIGNMENT(.__static_thread_data.static.*)))
 .__static_thread_data.static._k_thread_data_input_
                0x000000000002fd40       0x30 zephyr/subsys/input/libsubsys__input.a(input.c.obj)
                0x000000000002fd40                _k_thread_data_input
                0x000000000002fd70                __static_thread_data_list_end = .

device_deps     0x000000000002fd70        0x0
                0x000000000002fd70                __device_deps_start = .
 *(SORT_BY_NAME(SORT_BY_ALIGNMENT(.__device_deps_pass2*)))
                0x000000000002fd70                __device_deps_end = .

gpio_driver_api_area
                0x000000000002fd70       0x24
                0x000000000002fd70                _gpio_driver_api_list_start = .
 *(SORT_BY_NAME(SORT_BY_ALIGNMENT(._gpio_driver_api.static.*)))
 ._gpio_driver_api.static.gpio_nrfx_drv_api_funcs_
                0x000000000002fd70       0x24 zephyr/drivers/gpio/libdrivers__gpio.a(gpio_nrfx.c.obj)
                0x000000000002fd94                _gpio_driver_api_list_end = .

kscan_driver_api_area
                0x000000000002fd94        0x0
                0x000000000002fd94                _kscan_driver_api_list_start = .
 *(SORT_BY_NAME(SORT_BY_ALIGNMENT(._kscan_driver_api.static.*)))
                0x000000000002fd94                _kscan_driver_api_list_end = .

shared_irq_driver_api_area
                0x000000000002fd94        0x0
                0x000000000002fd94                _shared_irq_driver_api_list_start = .
 *(SORT_BY_NAME(SORT_BY_ALIGNMENT(._shared_irq_driver_api.static.*)))
                0x000000000002fd94                _shared_irq_driver_api_list_end = .

crypto_driver_api_area
                0x000000000002fd94        0x0
                0x000000000002fd94                _crypto_driver_api_list_start = .
 *(SORT_BY_NAME(SORT_BY_ALIGNMENT(._crypto_driver_api.static.*)))
                0x000000000002fd94                _crypto_driver_api_list_end = .

adc_driver_api_area
                0x000000000002fd94        0x0
                0x000000000002fd94                _adc_driver_api_list_start = .
 *(SORT_BY_NAME(SORT_BY_ALIGNMENT(._adc_driver_api.static.*)))
                0x000000000002fd94                _adc_driver_api_list_end = .

auxdisplay_driver_api_area
                0x000000000002fd94        0x0
                0x000000000002fd94                _auxdisplay_driver_api_list_start = .